Archive member included to satisfy reference by file (symbol)

.\CortexM3\ARM_GCC_541\Debug\P6_1.a(LCD.o)
                              .\CortexM3\ARM_GCC_541\Debug\main.o (LCD_PrintString)
.\CortexM3\ARM_GCC_541\Debug\P6_1.a(LCD_CustChars.o)
                              .\CortexM3\ARM_GCC_541\Debug\main.o (LCD_LoadCustomFonts)
.\CortexM3\ARM_GCC_541\Debug\P6_1.a(Teclado_MatrixKeyboard.o)
                              .\CortexM3\ARM_GCC_541\Debug\main.o (Teclado_Start)
.\CortexM3\ARM_GCC_541\Debug\P6_1.a(ISR_Key.o)
                              .\CortexM3\ARM_GCC_541\Debug\main.o (ISR_Key_StartEx)
.\CortexM3\ARM_GCC_541\Debug\P6_1.a(logoutisr.o)
                              .\CortexM3\ARM_GCC_541\Debug\main.o (logoutisr_StartEx)
.\CortexM3\ARM_GCC_541\Debug\P6_1.a(Contaor.o)
                              .\CortexM3\ARM_GCC_541\Debug\main.o (Contaor_Start)
.\CortexM3\ARM_GCC_541\Debug\P6_1.a(UanMS.o)
                              .\CortexM3\ARM_GCC_541\Debug\main.o (UanMS_StartEx)
.\CortexM3\ARM_GCC_541\Debug\P6_1.a(ADC.o)
                              .\CortexM3\ARM_GCC_541\Debug\main.o (ADC_Start)
.\CortexM3\ARM_GCC_541\Debug\P6_1.a(ADC_INT.o)
                              .\CortexM3\ARM_GCC_541\Debug\P6_1.a(ADC.o) (ADC_ISR)
.\CortexM3\ARM_GCC_541\Debug\P6_1.a(Teclado_Column.o)
                              .\CortexM3\ARM_GCC_541\Debug\P6_1.a(Teclado_MatrixKeyboard.o) (Teclado_Column_Write)
.\CortexM3\ARM_GCC_541\Debug\P6_1.a(Teclado_Row.o)
                              .\CortexM3\ARM_GCC_541\Debug\P6_1.a(Teclado_MatrixKeyboard.o) (Teclado_Row_Write)
.\CortexM3\ARM_GCC_541\Debug\P6_1.a(Teclado_Status_Reg.o)
                              .\CortexM3\ARM_GCC_541\Debug\P6_1.a(Teclado_MatrixKeyboard.o) (Teclado_Status_Reg_Read)
.\CortexM3\ARM_GCC_541\Debug\P6_1.a(ADC_theACLK.o)
                              .\CortexM3\ARM_GCC_541\Debug\P6_1.a(ADC.o) (ADC_theACLK_SetModeRegister)
.\CortexM3\ARM_GCC_541\Debug\P6_1.a(CyDmac.o)
                              .\CortexM3\ARM_GCC_541\Debug\Cm3Start.o (CyDmacConfigure)
.\CortexM3\ARM_GCC_541\Debug\P6_1.a(CyLib.o)
                              .\CortexM3\ARM_GCC_541\Debug\Cm3Start.o (CyHalt)
.\CortexM3\ARM_GCC_541\Debug\P6_1.a(cyPm.o)
                              .\CortexM3\ARM_GCC_541\Debug\P6_1.a(CyLib.o) (CyPmReadStatus)
.\CortexM3\ARM_GCC_541\Debug\P6_1.a(PWM.o)
                              .\CortexM3\ARM_GCC_541\Debug\main.o (PWM_WriteCompare)
.\CortexM3\ARM_GCC_541\Debug\P6_1.a(LED_Driver_1.o)
                              .\CortexM3\ARM_GCC_541\Debug\main.o (LED_Driver_1_Start)
.\CortexM3\ARM_GCC_541\Debug\P6_1.a(LED_Driver_1_Com_Driver.o)
                              .\CortexM3\ARM_GCC_541\Debug\P6_1.a(LED_Driver_1.o) (LED_Driver_1_Com_Driver_Write)
.\CortexM3\ARM_GCC_541\Debug\P6_1.a(LED_Driver_1_DMA_Com_dma.o)
                              .\CortexM3\ARM_GCC_541\Debug\P6_1.a(LED_Driver_1.o) (LED_Driver_1_DMA_Com_DmaInitialize)
.\CortexM3\ARM_GCC_541\Debug\P6_1.a(LED_Driver_1_DMA_Seg_dma.o)
                              .\CortexM3\ARM_GCC_541\Debug\P6_1.a(LED_Driver_1.o) (LED_Driver_1_DMA_Seg_DmaInitialize)
.\CortexM3\ARM_GCC_541\Debug\P6_1.a(LED_Driver_1_DMA_BC_dma.o)
                              .\CortexM3\ARM_GCC_541\Debug\P6_1.a(LED_Driver_1.o) (LED_Driver_1_DMA_BC_DmaInitialize)
.\CortexM3\ARM_GCC_541\Debug\P6_1.a(led.o)
                              .\CortexM3\ARM_GCC_541\Debug\main.o (led_Write)
.\CortexM3\ARM_GCC_541\Debug\P6_1.a(AMux_1.o)
                              .\CortexM3\ARM_GCC_541\Debug\main.o (AMux_1_Start)
.\CortexM3\ARM_GCC_541\Debug\P6_1.a(CyBootAsmGnu.o)
                              .\CortexM3\ARM_GCC_541\Debug\cyfitter_cfg.o (CyDelayCycles)
.\CortexM3\ARM_GCC_541\Debug\P6_1.a(CyFlash.o)
                              .\CortexM3\ARM_GCC_541\Debug\P6_1.a(cyPm.o) (CyFlash_SetWaitCycles)
.\CortexM3\ARM_GCC_541\Debug\P6_1.a(CySpc.o)
                              .\CortexM3\ARM_GCC_541\Debug\P6_1.a(CyFlash.o) (CySpcStart)
c:/program files (x86)/cypress/psoc creator/4.4/psoc creator/import/gnu/arm/5.4.1/bin/../lib/gcc/arm-none-eabi/5.4.1/armv7-m\libgcc.a(_arm_addsubdf3.o)
                              .\CortexM3\ARM_GCC_541\Debug\main.o (__aeabi_ui2d)
c:/program files (x86)/cypress/psoc creator/4.4/psoc creator/import/gnu/arm/5.4.1/bin/../lib/gcc/arm-none-eabi/5.4.1/armv7-m\libgcc.a(_arm_muldivdf3.o)
                              .\CortexM3\ARM_GCC_541\Debug\main.o (__aeabi_dmul)
c:/program files (x86)/cypress/psoc creator/4.4/psoc creator/import/gnu/arm/5.4.1/bin/../lib/gcc/arm-none-eabi/5.4.1/armv7-m\libgcc.a(_arm_fixunsdfsi.o)
                              .\CortexM3\ARM_GCC_541\Debug\main.o (__aeabi_d2uiz)
c:/program files (x86)/cypress/psoc creator/4.4/psoc creator/import/gnu/arm/5.4.1/bin/../lib/gcc/arm-none-eabi/5.4.1/armv7-m\libgcc.a(_arm_addsubsf3.o)
                              .\CortexM3\ARM_GCC_541\Debug\P6_1.a(ADC.o) (__aeabi_i2f)
[...]
Memory Configuration

Name             Origin             Length             Attributes
rom              0x00000000         0x00040000         xr
ram              0x1fff8000         0x00010000         xrw
*default*        0x00000000         0xffffffff

Linker script and memory map

LOAD c:/program files (x86)/cypress/psoc creator/4.4/psoc creator/import/gnu/arm/5.4.1/bin/../lib/gcc/arm-none-eabi/5.4.1/armv7-m/crti.o
LOAD c:/program files (x86)/cypress/psoc creator/4.4/psoc creator/import/gnu/arm/5.4.1/bin/../lib/gcc/arm-none-eabi/5.4.1/armv7-m/crtbegin.o
LOAD c:/program files (x86)/cypress/psoc creator/4.4/psoc creator/import/gnu/arm/5.4.1/bin/../lib/gcc/arm-none-eabi/5.4.1/../../../../arm-none-eabi/lib/armv7-m/crt0.o
START GROUP
LOAD .\CortexM3\ARM_GCC_541\Debug\main.o
LOAD .\CortexM3\ARM_GCC_541\Debug\cyfitter_cfg.o
LOAD .\CortexM3\ARM_GCC_541\Debug\cymetadata.o
LOAD .\CortexM3\ARM_GCC_541\Debug\Cm3Start.o
LOAD .\CortexM3\ARM_GCC_541\Debug\P6_1.a
LOAD C:\Program Files (x86)\Cypress\PSoC Creator\4.4\PSoC Creator\psoc\content\cycomponentlibrary\CyComponentLibrary.cylib\CortexM3\ARM_GCC_541\Debug\CyComponentLibrary.a
END GROUP
START GROUP
LOAD c:/program files (x86)/cypress/psoc creator/4.4/psoc creator/import/gnu/arm/5.4.1/bin/../lib/gcc/arm-none-eabi/5.4.1/armv7-m\libgcc.a
LOAD c:/program files (x86)/cypress/psoc creator/4.4/psoc creator/import/gnu/arm/5.4.1/bin/../lib/gcc/arm-none-eabi/5.4.1/../../../../arm-none-eabi/lib/armv7-m\libg_nano.a
LOAD c:/program files (x86)/cypress/psoc creator/4.4/psoc creator/import/gnu/arm/5.4.1/bin/../lib/gcc/arm-none-eabi/5.4.1/../../../../arm-none-eabi/lib/armv7-m\libc_nano.a
END GROUP
START GROUP
LOAD c:/program files (x86)/cypress/psoc creator/4.4/psoc creator/import/gnu/arm/5.4.1/bin/../lib/gcc/arm-none-eabi/5.4.1/armv7-m\libgcc.a
LOAD c:/program files (x86)/cypress/psoc creator/4.4/psoc creator/import/gnu/arm/5.4.1/bin/../lib/gcc/arm-none-eabi/5.4.1/../../../../arm-none-eabi/lib/armv7-m\libc_nano.a
END GROUP
LOAD c:/program files (x86)/cypress/psoc creator/4.4/psoc creator/import/gnu/arm/5.4.1/bin/../lib/gcc/arm-none-eabi/5.4.1/armv7-m/crtend.o
LOAD c:/program files (x86)/cypress/psoc creator/4.4/psoc creator/import/gnu/arm/5.4.1/bin/../lib/gcc/arm-none-eabi/5.4.1/armv7-m/crtn.o
START GROUP
LOAD c:/program files (x86)/cypress/psoc creator/4.4/psoc creator/import/gnu/arm/5.4.1/bin/../lib/gcc/arm-none-eabi/5.4.1/armv7-m\libgcc.a
LOAD c:/program files (x86)/cypress/psoc creator/4.4/psoc creator/import/gnu/arm/5.4.1/bin/../lib/gcc/arm-none-eabi/5.4.1/../../../../arm-none-eabi/lib/armv7-m\libc.a
LOAD c:/program files (x86)/cypress/psoc creator/4.4/psoc creator/import/gnu/arm/5.4.1/bin/../lib/gcc/arm-none-eabi/5.4.1/../../../../arm-none-eabi/lib/armv7-m\libnosys.a
END GROUP
                0x00000000                CY_APPL_ORIGIN = 0x0
                0x00000100                CY_FLASH_ROW_SIZE = 0x100
                0x00000020                CY_ECC_ROW_SIZE = 0x20
                0x00000000                CY_EE_IN_BTLDR = 0x0
                0x00000000                CY_APPL_LOADABLE = 0x0
                0x00000800                CY_EE_SIZE = 0x800
                0x00000001                CY_APPL_NUM = 0x1
                0x00000001                CY_APPL_MAX = 0x1
                0x00000040                CY_METADATA_SIZE = 0x40
                0x00000000                CY_APPL_LOADABLE = 0x0
                0x00000000                CY_CHECKSUM_EXCLUDE_SIZE = ALIGN (0x0, CY_FLASH_ROW_SIZE)
                [!provide]                PROVIDE (__cy_heap_start, _end)
                0x00000001                PROVIDE (__cy_region_num, ((__cy_regions_end - __cy_regions) / 0x10))
                0x20008000                PROVIDE (__cy_stack, (ORIGIN (ram) + LENGTH (ram)))
                [!provide]                PROVIDE (__cy_heap_end, (__cy_stack - 0x800))

.cybootloader   0x00000000        0x0
 *(.cybootloader)
                0x00000000                appl1_start = CY_APPL_ORIGIN?CY_APPL_ORIGIN:ALIGN (CY_FLASH_ROW_SIZE)
                0x0001ff00                appl2_start = (appl1_start + ALIGN ((((LENGTH (rom) - appl1_start) - (0x2 * CY_FLASH_ROW_SIZE)) / 0x2), CY_FLASH_ROW_SIZE))
                0x00000000                appl_start = (CY_APPL_NUM == 0x1)?appl1_start:appl2_start
                0x00000000                ecc_offset = ((appl_start / CY_FLASH_ROW_SIZE) * CY_ECC_ROW_SIZE)
                0x00000000                ee_offset = (CY_APPL_LOADABLE && ! (CY_EE_IN_BTLDR))?((CY_EE_SIZE / CY_APPL_MAX) * (CY_APPL_NUM - 0x1)):0x0
                0x00000800                ee_size = (CY_APPL_LOADABLE && ! (CY_EE_IN_BTLDR))?(CY_EE_SIZE / CY_APPL_MAX):CY_EE_SIZE
                [!provide]                PROVIDE (CY_ECC_OFFSET, ecc_offset)

.text           0x00000000     0x226a
 CREATE_OBJECT_SYMBOLS
                0x00000000                PROVIDE (__cy_interrupt_vector, RomVectors)
 *(.romvectors)
 .romvectors    0x00000000       0x10 .\CortexM3\ARM_GCC_541\Debug\Cm3Start.o
                0x00000000                RomVectors
                0x00000001                ASSERT ((. != __cy_interrupt_vector), No interrupt vector)
                0x00000001                ASSERT (CY_APPL_ORIGIN?(SIZEOF (.cybootloader) <= CY_APPL_ORIGIN):0x1, Wrong image location)
                0x00000010                PROVIDE (__cy_reset, Reset)
 *(.text.Reset)
 .text.Reset    0x00000010       0x18 .\CortexM3\ARM_GCC_541\Debug\Cm3Start.o
                0x00000010                Reset
                0x00000001                ASSERT ((. != __cy_reset), No reset code)
 *(.dma_init)
                0x00000001                ASSERT ((((appl_start + .) <= 0x10000) || 0x1), DMA Init must be within the first 64k of flash)
 *(.text .text.* .gnu.linkonce.t.*)
 .text          0x00000028       0x5c c:/program files (x86)/cypress/psoc creator/4.4/psoc creator/import/gnu/arm/5.4.1/bin/../lib/gcc/arm-none-eabi/5.4.1/armv7-m/crtbegin.o
 .text.keyboard
                0x00000084        0xc .\CortexM3\ARM_GCC_541\Debug\main.o
                0x00000084                keyboard
 .text.counter_ms
                0x00000090       0x10 .\CortexM3\ARM_GCC_541\Debug\main.o
                0x00000090                counter_ms
 .text.exiit    0x000000a0        0xc .\CortexM3\ARM_GCC_541\Debug\main.o
                0x000000a0                exiit
 *fill*         0x000000ac        0x4 
 .text.main     0x000000b0      0x630 .\CortexM3\ARM_GCC_541\Debug\main.o
                0x000000b0                main
 .text.CyClockStartupError
                0x000006e0        0x4 .\CortexM3\ARM_GCC_541\Debug\cyfitter_cfg.o
 .text.cfg_write_bytes32
                0x000006e4       0x34 .\CortexM3\ARM_GCC_541\Debug\cyfitter_cfg.o
 .text.CYMEMZERO
                0x00000718        0xc .\CortexM3\ARM_GCC_541\Debug\cyfitter_cfg.o
 .text.AnalogSetDefault
                0x00000724       0x68 .\CortexM3\ARM_GCC_541\Debug\cyfitter_cfg.o
 .text.CYCONFIGCPY
                0x0000078c        0x8 .\CortexM3\ARM_GCC_541\Debug\cyfitter_cfg.o
 .text.ClockSetup
                0x00000794      0x15c .\CortexM3\ARM_GCC_541\Debug\cyfitter_cfg.o
 .text.AMux_1_Set
                0x000008f0       0x34 .\CortexM3\ARM_GCC_541\Debug\cyfitter_cfg.o
                0x000008f0                AMux_1_Set
 .text.AMux_1_Unset
                0x00000924       0x38 .\CortexM3\ARM_GCC_541\Debug\cyfitter_cfg.o
                0x00000924                AMux_1_Unset
 .text.cyfitter_cfg
                0x0000095c      0x14c .\CortexM3\ARM_GCC_541\Debug\cyfitter_cfg.o
                0x0000095c                cyfitter_cfg
 .text.IntDefaultHandler
                0x00000aa8       0x10 .\CortexM3\ARM_GCC_541\Debug\Cm3Start.o
                0x00000aa8                IntDefaultHandler
 .text.Start_c  0x00000ab8       0x4c .\CortexM3\ARM_GCC_541\Debug\Cm3Start.o
                0x00000ab8                Start_c
 .text.initialize_psoc
                0x00000b04       0x6c .\CortexM3\ARM_GCC_541\Debug\Cm3Start.o
                0x00000b04                initialize_psoc
 .text.LCD_WrCntrlNib
                0x00000b70       0x34 .\CortexM3\ARM_GCC_541\Debug\P6_1.a(LCD.o)
 .text.LCD_WrDatNib
                0x00000ba4       0x44 .\CortexM3\ARM_GCC_541\Debug\P6_1.a(LCD.o)
 .text.LCD_IsReady
                0x00000be8       0xe4 .\CortexM3\ARM_GCC_541\Debug\P6_1.a(LCD.o)
                0x00000be8                LCD_IsReady
 .text.LCD_WriteData
                0x00000ccc       0x18 .\CortexM3\ARM_GCC_541\Debug\P6_1.a(LCD.o)
                0x00000ccc                LCD_WriteData
 .text.LCD_PrintString
                0x00000ce4       0x1c .\CortexM3\ARM_GCC_541\Debug\P6_1.a(LCD.o)
                0x00000ce4                LCD_PrintString
 .text.LCD_PutChar
                0x00000d00        0x8 .\CortexM3\ARM_GCC_541\Debug\P6_1.a(LCD.o)
                0x00000d00                LCD_PutChar
 .text.LCD_WriteControl
                0x00000d08       0x18 .\CortexM3\ARM_GCC_541\Debug\P6_1.a(LCD.o)
                0x00000d08                LCD_WriteControl
 .text.LCD_Init
                0x00000d20       0x74 .\CortexM3\ARM_GCC_541\Debug\P6_1.a(LCD.o)
                0x00000d20                LCD_Init
 .text.LCD_Enable
                0x00000d94       0x14 .\CortexM3\ARM_GCC_541\Debug\P6_1.a(LCD.o)
                0x00000d94                LCD_Enable
 .text.LCD_Start
                0x00000da8       0x1c .\CortexM3\ARM_GCC_541\Debug\P6_1.a(LCD.o)
                0x00000da8                LCD_Start
 .text.LCD_Position
                0x00000dc4       0x3c .\CortexM3\ARM_GCC_541\Debug\P6_1.a(LCD.o)
                0x00000dc4                LCD_Position
 .text.LCD_PrintU32Number
                0x00000e00       0x64 .\CortexM3\ARM_GCC_541\Debug\P6_1.a(LCD.o)
                0x00000e00                LCD_PrintU32Number
 .text.LCD_LoadCustomFonts
                0x00000e64       0x2c .\CortexM3\ARM_GCC_541\Debug\P6_1.a(LCD_CustChars.o)
                0x00000e64                LCD_LoadCustomFonts
 .text.Teclado_Start
                0x00000e90       0x10 .\CortexM3\ARM_GCC_541\Debug\P6_1.a(Teclado_MatrixKeyboard.o)
                0x00000e90                Teclado_Start
 .text.Teclado_AsignarTecla
                0x00000ea0       0x5c .\CortexM3\ARM_GCC_541\Debug\P6_1.a(Teclado_MatrixKeyboard.o)
                0x00000ea0                Teclado_AsignarTecla
 .text.ISR_Key_SetVector
                0x00000efc        0xc .\CortexM3\ARM_GCC_541\Debug\P6_1.a(ISR_Key.o)
                0x00000efc                ISR_Key_SetVector
 .text.ISR_Key_SetPriority
                0x00000f08       0x10 .\CortexM3\ARM_GCC_541\Debug\P6_1.a(ISR_Key.o)
                0x00000f08                ISR_Key_SetPriority
 .text.ISR_Key_Enable
                0x00000f18        0xc .\CortexM3\ARM_GCC_541\Debug\P6_1.a(ISR_Key.o)
                0x00000f18                ISR_Key_Enable
 .text.ISR_Key_Disable
                0x00000f24        0xc .\CortexM3\ARM_GCC_541\Debug\P6_1.a(ISR_Key.o)
                0x00000f24                ISR_Key_Disable
 .text.ISR_Key_StartEx
                0x00000f30       0x1c .\CortexM3\ARM_GCC_541\Debug\P6_1.a(ISR_Key.o)
                0x00000f30                ISR_Key_StartEx
 .text.logoutisr_SetVector
                0x00000f4c        0xc .\CortexM3\ARM_GCC_541\Debug\P6_1.a(logoutisr.o)
                0x00000f4c                logoutisr_SetVector
 .text.logoutisr_SetPriority
                0x00000f58       0x10 .\CortexM3\ARM_GCC_541\Debug\P6_1.a(logoutisr.o)
                0x00000f58                logoutisr_SetPriority
 .text.logoutisr_Enable
                0x00000f68        0xc .\CortexM3\ARM_GCC_541\Debug\P6_1.a(logoutisr.o)
                0x00000f68                logoutisr_Enable
 .text.logoutisr_Disable
                0x00000f74        0xc .\CortexM3\ARM_GCC_541\Debug\P6_1.a(logoutisr.o)
                0x00000f74                logoutisr_Disable
 .text.logoutisr_StartEx
                0x00000f80       0x1c .\CortexM3\ARM_GCC_541\Debug\P6_1.a(logoutisr.o)
                0x00000f80                logoutisr_StartEx
 .text.Contaor_Enable
                0x00000f9c       0x28 .\CortexM3\ARM_GCC_541\Debug\P6_1.a(Contaor.o)
                0x00000f9c                Contaor_Enable
 .text.Contaor_SetInterruptMode
                0x00000fc4        0xc .\CortexM3\ARM_GCC_541\Debug\P6_1.a(Contaor.o)
                0x00000fc4                Contaor_SetInterruptMode
 .text.Contaor_WriteCounter
                0x00000fd0       0x34 .\CortexM3\ARM_GCC_541\Debug\P6_1.a(Contaor.o)
                0x00000fd0                Contaor_WriteCounter
 .text.Contaor_WritePeriod
                0x00001004        0xc .\CortexM3\ARM_GCC_541\Debug\P6_1.a(Contaor.o)
                0x00001004                Contaor_WritePeriod
 .text.Contaor_Init
                0x00001010       0x64 .\CortexM3\ARM_GCC_541\Debug\P6_1.a(Contaor.o)
                0x00001010                Contaor_Init
 .text.Contaor_Start
                0x00001074       0x1c .\CortexM3\ARM_GCC_541\Debug\P6_1.a(Contaor.o)
                0x00001074                Contaor_Start
 .text.UanMS_SetVector
                0x00001090        0xc .\CortexM3\ARM_GCC_541\Debug\P6_1.a(UanMS.o)
                0x00001090                UanMS_SetVector
 .text.UanMS_SetPriority
                0x0000109c       0x10 .\CortexM3\ARM_GCC_541\Debug\P6_1.a(UanMS.o)
                0x0000109c                UanMS_SetPriority
 .text.UanMS_Enable
                0x000010ac        0xc .\CortexM3\ARM_GCC_541\Debug\P6_1.a(UanMS.o)
                0x000010ac                UanMS_Enable
 .text.UanMS_Disable
                0x000010b8        0xc .\CortexM3\ARM_GCC_541\Debug\P6_1.a(UanMS.o)
                0x000010b8                UanMS_Disable
 .text.UanMS_StartEx
                0x000010c4       0x1c .\CortexM3\ARM_GCC_541\Debug\P6_1.a(UanMS.o)
                0x000010c4                UanMS_StartEx
 .text.ADC_CalcGain
                0x000010e0       0x64 .\CortexM3\ARM_GCC_541\Debug\P6_1.a(ADC.o)
 .text.ADC_Enable
                0x00001144       0x94 .\CortexM3\ARM_GCC_541\Debug\P6_1.a(ADC.o)
                0x00001144                ADC_Enable
 .text.ADC_SetResolution
                0x000011d8       0x38 .\CortexM3\ARM_GCC_541\Debug\P6_1.a(ADC.o)
                0x000011d8                ADC_SetResolution
 .text.ADC_Init
                0x00001210       0x3c .\CortexM3\ARM_GCC_541\Debug\P6_1.a(ADC.o)
                0x00001210                ADC_Init
 .text.ADC_Start
                0x0000124c       0x1c .\CortexM3\ARM_GCC_541\Debug\P6_1.a(ADC.o)
                0x0000124c                ADC_Start
 .text.ADC_StartConvert
                0x00001268       0x10 .\CortexM3\ARM_GCC_541\Debug\P6_1.a(ADC.o)
                0x00001268                ADC_StartConvert
 .text.ADC_StopConvert
                0x00001278       0x10 .\CortexM3\ARM_GCC_541\Debug\P6_1.a(ADC.o)
                0x00001278                ADC_StopConvert
 .text.ADC_IsEndConversion
                0x00001288       0x24 .\CortexM3\ARM_GCC_541\Debug\P6_1.a(ADC.o)
                0x00001288                ADC_IsEndConversion
 .text.ADC_GetResult16
                0x000012ac       0x18 .\CortexM3\ARM_GCC_541\Debug\P6_1.a(ADC.o)
                0x000012ac                ADC_GetResult16
 .text.ADC_CountsTo_mVolts
                0x000012c4       0x58 .\CortexM3\ARM_GCC_541\Debug\P6_1.a(ADC.o)
                0x000012c4                ADC_CountsTo_mVolts
 .text.ADC_ISR  0x0000131c        0x4 .\CortexM3\ARM_GCC_541\Debug\P6_1.a(ADC_INT.o)
                0x0000131c                ADC_ISR
 .text.Teclado_Column_Write
                0x00001320       0x18 .\CortexM3\ARM_GCC_541\Debug\P6_1.a(Teclado_Column.o)
                0x00001320                Teclado_Column_Write
 .text.Teclado_Row_Write
                0x00001338       0x18 .\CortexM3\ARM_GCC_541\Debug\P6_1.a(Teclado_Row.o)
                0x00001338                Teclado_Row_Write
 .text.Teclado_Status_Reg_Read
                0x00001350        0xc .\CortexM3\ARM_GCC_541\Debug\P6_1.a(Teclado_Status_Reg.o)
                0x00001350                Teclado_Status_Reg_Read
 .text.ADC_theACLK_SetModeRegister
                0x0000135c       0x14 .\CortexM3\ARM_GCC_541\Debug\P6_1.a(ADC_theACLK.o)
                0x0000135c                ADC_theACLK_SetModeRegister
 .text.CyDmacConfigure
                0x00001370       0x34 .\CortexM3\ARM_GCC_541\Debug\P6_1.a(CyDmac.o)
                0x00001370                CyDmacConfigure
 .text.CyDmaChEnable
                0x000013a4       0x38 .\CortexM3\ARM_GCC_541\Debug\P6_1.a(CyDmac.o)
                0x000013a4                CyDmaChEnable
 .text.CyDmaChPriority
                0x000013dc       0x24 .\CortexM3\ARM_GCC_541\Debug\P6_1.a(CyDmac.o)
                0x000013dc                CyDmaChPriority
 .text.CyDmaChSetExtendedAddress
                0x00001400       0x34 .\CortexM3\ARM_GCC_541\Debug\P6_1.a(CyDmac.o)
                0x00001400                CyDmaChSetExtendedAddress
 .text.CyDmaChSetInitialTd
                0x00001434       0x18 .\CortexM3\ARM_GCC_541\Debug\P6_1.a(CyDmac.o)
                0x00001434                CyDmaChSetInitialTd
 .text.CyDmaChSetConfiguration
                0x0000144c       0x44 .\CortexM3\ARM_GCC_541\Debug\P6_1.a(CyDmac.o)
                0x0000144c                CyDmaChSetConfiguration
 .text.CyDmaTdAllocate
                0x00001490       0x34 .\CortexM3\ARM_GCC_541\Debug\P6_1.a(CyDmac.o)
                0x00001490                CyDmaTdAllocate
 .text.CyDmaTdSetConfiguration
                0x000014c4       0x28 .\CortexM3\ARM_GCC_541\Debug\P6_1.a(CyDmac.o)
                0x000014c4                CyDmaTdSetConfiguration
 .text.CyDmaTdSetAddress
                0x000014ec       0x1c .\CortexM3\ARM_GCC_541\Debug\P6_1.a(CyDmac.o)
                0x000014ec                CyDmaTdSetAddress
 .text.CyHalt   0x00001508        0x4 .\CortexM3\ARM_GCC_541\Debug\P6_1.a(CyLib.o)
                0x00001508                CyHalt
 .text.CyDelay  0x0000150c       0x2c .\CortexM3\ARM_GCC_541\Debug\P6_1.a(CyLib.o)
                0x0000150c                CyDelay
 .text.CyDelayUs
                0x00001538       0x14 .\CortexM3\ARM_GCC_541\Debug\P6_1.a(CyLib.o)
                0x00001538                CyDelayUs
 .text.CyIntSetVector
                0x0000154c       0x28 .\CortexM3\ARM_GCC_541\Debug\P6_1.a(CyLib.o)
                0x0000154c                CyIntSetVector
 .text.CyIntSetPriority
                0x00001574       0x30 .\CortexM3\ARM_GCC_541\Debug\P6_1.a(CyLib.o)
                0x00001574                CyIntSetPriority
 .text.PWM_Enable
                0x000015a4       0x10 .\CortexM3\ARM_GCC_541\Debug\P6_1.a(PWM.o)
                0x000015a4                PWM_Enable
 .text.PWM_WriteCounter
                0x000015b4        0xc .\CortexM3\ARM_GCC_541\Debug\P6_1.a(PWM.o)
                0x000015b4                PWM_WriteCounter
 .text.PWM_WritePeriod
                0x000015c0        0xc .\CortexM3\ARM_GCC_541\Debug\P6_1.a(PWM.o)
                0x000015c0                PWM_WritePeriod
 .text.PWM_WriteCompare
                0x000015cc        0xc .\CortexM3\ARM_GCC_541\Debug\P6_1.a(PWM.o)
                0x000015cc                PWM_WriteCompare
 .text.PWM_SetInterruptMode
                0x000015d8        0xc .\CortexM3\ARM_GCC_541\Debug\P6_1.a(PWM.o)
                0x000015d8                PWM_SetInterruptMode
 .text.PWM_ReadStatusRegister
                0x000015e4        0xc .\CortexM3\ARM_GCC_541\Debug\P6_1.a(PWM.o)
                0x000015e4                PWM_ReadStatusRegister
 .text.PWM_ReadCapture
                0x000015f0        0xc .\CortexM3\ARM_GCC_541\Debug\P6_1.a(PWM.o)
                0x000015f0                PWM_ReadCapture
 .text.PWM_ClearFIFO
                0x000015fc       0x14 .\CortexM3\ARM_GCC_541\Debug\P6_1.a(PWM.o)
                0x000015fc                PWM_ClearFIFO
 .text.PWM_Init
                0x00001610       0x64 .\CortexM3\ARM_GCC_541\Debug\P6_1.a(PWM.o)
                0x00001610                PWM_Init
 .text.PWM_Start
                0x00001674       0x1c .\CortexM3\ARM_GCC_541\Debug\P6_1.a(PWM.o)
                0x00001674                PWM_Start
 .text.LED_Driver_1_DmaInit
                0x00001690      0x160 .\CortexM3\ARM_GCC_541\Debug\P6_1.a(LED_Driver_1.o)
 .text.LED_Driver_1_DmaEnable
                0x000017f0       0x3c .\CortexM3\ARM_GCC_541\Debug\P6_1.a(LED_Driver_1.o)
 .text.LED_Driver_1_Enable
                0x0000182c       0x24 .\CortexM3\ARM_GCC_541\Debug\P6_1.a(LED_Driver_1.o)
                0x0000182c                LED_Driver_1_Enable
 .text.LED_Driver_1_ClearDisplayAll
                0x00001850       0x18 .\CortexM3\ARM_GCC_541\Debug\P6_1.a(LED_Driver_1.o)
                0x00001850                LED_Driver_1_ClearDisplayAll
 .text.LED_Driver_1_Init
                0x00001868       0x30 .\CortexM3\ARM_GCC_541\Debug\P6_1.a(LED_Driver_1.o)
                0x00001868                LED_Driver_1_Init
 .text.LED_Driver_1_Start
                0x00001898       0x1c .\CortexM3\ARM_GCC_541\Debug\P6_1.a(LED_Driver_1.o)
                0x00001898                LED_Driver_1_Start
 .text.LED_Driver_1_EncodeNumber7Seg
                0x000018b4       0x10 .\CortexM3\ARM_GCC_541\Debug\P6_1.a(LED_Driver_1.o)
                0x000018b4                LED_Driver_1_EncodeNumber7Seg
 .text.LED_Driver_1_Write7SegDigitDec
                0x000018c4       0x1c .\CortexM3\ARM_GCC_541\Debug\P6_1.a(LED_Driver_1.o)
                0x000018c4                LED_Driver_1_Write7SegDigitDec
 .text.LED_Driver_1_DMA_Com_DmaInitialize
                0x000018e0       0x3c .\CortexM3\ARM_GCC_541\Debug\P6_1.a(LED_Driver_1_DMA_Com_dma.o)
                0x000018e0                LED_Driver_1_DMA_Com_DmaInitialize
 .text.LED_Driver_1_DMA_Seg_DmaInitialize
                0x0000191c       0x3c .\CortexM3\ARM_GCC_541\Debug\P6_1.a(LED_Driver_1_DMA_Seg_dma.o)
                0x0000191c                LED_Driver_1_DMA_Seg_DmaInitialize
 .text.LED_Driver_1_DMA_BC_DmaInitialize
                0x00001958       0x3c .\CortexM3\ARM_GCC_541\Debug\P6_1.a(LED_Driver_1_DMA_BC_dma.o)
                0x00001958                LED_Driver_1_DMA_BC_DmaInitialize
 .text.led_Write
                0x00001994       0x18 .\CortexM3\ARM_GCC_541\Debug\P6_1.a(led.o)
                0x00001994                led_Write
 .text.led_Read
                0x000019ac       0x10 .\CortexM3\ARM_GCC_541\Debug\P6_1.a(led.o)
                0x000019ac                led_Read
 .text.AMux_1_Start
                0x000019bc       0x20 .\CortexM3\ARM_GCC_541\Debug\P6_1.a(AMux_1.o)
                0x000019bc                AMux_1_Start
 .text.AMux_1_Select
                0x000019dc       0x18 .\CortexM3\ARM_GCC_541\Debug\P6_1.a(AMux_1.o)
                0x000019dc                AMux_1_Select
 *fill*         0x000019f4        0x4 
 .text          0x000019f8       0x20 .\CortexM3\ARM_GCC_541\Debug\P6_1.a(CyBootAsmGnu.o)
                0x000019f8                CyDelayCycles
                0x00001a08                CyEnterCriticalSection
                0x00001a10                CyExitCriticalSection
 .text          0x00001a18      0x370 c:/program files (x86)/cypress/psoc creator/4.4/psoc creator/import/gnu/arm/5.4.1/bin/../lib/gcc/arm-none-eabi/5.4.1/armv7-m\libgcc.a(_arm_addsubdf3.o)
                0x00001a18                __aeabi_drsub
                0x00001a20                __aeabi_dsub
                0x00001a20                __subdf3
                0x00001a24                __aeabi_dadd
                0x00001a24                __adddf3
                0x00001c9c                __floatunsidf
                0x00001c9c                __aeabi_ui2d
                0x00001cbc                __floatsidf
                0x00001cbc                __aeabi_i2d
                0x00001ce0                __aeabi_f2d
                0x00001ce0                __extendsfdf2
                0x00001d1c                __floatundidf
                0x00001d1c                __aeabi_ul2d
                0x00001d2c                __floatdidf
                0x00001d2c                __aeabi_l2d
 .text          0x00001d88      0x424 c:/program files (x86)/cypress/psoc creator/4.4/psoc creator/import/gnu/arm/5.4.1/bin/../lib/gcc/arm-none-eabi/5.4.1/armv7-m\libgcc.a(_arm_muldivdf3.o)
                0x00001d88                __aeabi_dmul
                0x00001d88                __muldf3
                0x00001fdc                __divdf3
                0x00001fdc                __aeabi_ddiv
 .text          0x000021ac       0x40 c:/program files (x86)/cypress/psoc creator/4.4/psoc creator/import/gnu/arm/5.4.1/bin/../lib/gcc/arm-none-eabi/5.4.1/armv7-m\libgcc.a(_arm_fixunsdfsi.o)
                0x000021ac                __aeabi_d2uiz
                0x000021ac                __fixunsdfsi
 .text.__errno  0x000021ec        0xc c:/program files (x86)/cypress/psoc creator/4.4/psoc creator/import/gnu/arm/5.4.1/bin/../lib/gcc/arm-none-eabi/5.4.1/../../../../arm-none-eabi/lib/armv7-m\libg_nano.a(lib_a-errno.o)
                0x000021ec                __errno
 .text.__libc_init_array
                0x000021f8       0x4c c:/program files (x86)/cypress/psoc creator/4.4/psoc creator/import/gnu/arm/5.4.1/bin/../lib/gcc/arm-none-eabi/5.4.1/../../../../arm-none-eabi/lib/armv7-m\libg_nano.a(lib_a-init.o)
                0x000021f8                __libc_init_array
 .text.memcpy   0x00002244       0x16 c:/program files (x86)/cypress/psoc creator/4.4/psoc creator/import/gnu/arm/5.4.1/bin/../lib/gcc/arm-none-eabi/5.4.1/../../../../arm-none-eabi/lib/armv7-m\libg_nano.a(lib_a-memcpy-stub.o)
                0x00002244                memcpy
 .text.memset   0x0000225a       0x10 c:/program files (x86)/cypress/psoc creator/4.4/psoc creator/import/gnu/arm/5.4.1/bin/../lib/gcc/arm-none-eabi/5.4.1/../../../../arm-none-eabi/lib/armv7-m\libg_nano.a(lib_a-memset.o)
                0x0000225a                memset
 *(.plt)
 *(.gnu.warning)
 *(.glue_7t)
 .glue_7t       0x0000226a        0x0 linker stubs
 *(.glue_7)
 .glue_7        0x0000226a        0x0 linker stubs
 *(.vfp11_veneer)
 .vfp11_veneer  0x0000226a        0x0 linker stubs
 *(.bootloader)
 *(.ARM.extab* .gnu.linkonce.armextab.*)
 *(.gcc_except_table)

.v4_bx          0x0000226c        0x0
 .v4_bx         0x0000226c        0x0 linker stubs

.iplt           0x0000226c        0x0
 .iplt          0x0000226c        0x0 c:/program files (x86)/cypress/psoc creator/4.4/psoc creator/import/gnu/arm/5.4.1/bin/../lib/gcc/arm-none-eabi/5.4.1/armv7-m/crtbegin.o

.eh_frame_hdr
 *(.eh_frame_hdr)

.eh_frame       0x0000226c        0x4
 *(.eh_frame)
 .eh_frame      0x0000226c        0x0 c:/program files (x86)/cypress/psoc creator/4.4/psoc creator/import/gnu/arm/5.4.1/bin/../lib/gcc/arm-none-eabi/5.4.1/armv7-m/crtbegin.o
 .eh_frame      0x0000226c        0x4 c:/program files (x86)/cypress/psoc creator/4.4/psoc creator/import/gnu/arm/5.4.1/bin/../lib/gcc/arm-none-eabi/5.4.1/armv7-m/crtend.o
                [!provide]                PROVIDE (__exidx_start, .)

.ARM.exidx
 *(.ARM.exidx* .gnu.linkonce.armexidx.*)
                0x00002270                __exidx_end = .

.rodata         0x00002270      0x3f8
 *(.rodata .rodata.* .gnu.linkonce.r.*)
 .rodata.str1.4
                0x00002270       0xf0 .\CortexM3\ARM_GCC_541\Debug\main.o
                                 0xed (size before relaxing)
 .rodata        0x00002360       0x3e .\CortexM3\ARM_GCC_541\Debug\cyfitter_cfg.o
                0x00002360                AMux_1__addrTable
                0x00002370                AMux_1__maskTable
 *fill*         0x0000239e        0x2 
 .rodata        0x000023a0       0x40 .\CortexM3\ARM_GCC_541\Debug\P6_1.a(LCD_CustChars.o)
                0x000023a0                LCD_customFonts
 .rodata        0x000023e0       0x10 .\CortexM3\ARM_GCC_541\Debug\P6_1.a(Teclado_MatrixKeyboard.o)
 .rodata        0x000023f0      0x240 .\CortexM3\ARM_GCC_541\Debug\P6_1.a(LED_Driver_1.o)
 .rodata.str1.1
                0x00002630        0x2 c:/program files (x86)/cypress/psoc creator/4.4/psoc creator/import/gnu/arm/5.4.1/bin/../lib/gcc/arm-none-eabi/5.4.1/../../../../arm-none-eabi/lib/armv7-m\libg_nano.a(lib_a-impure.o)
                0x00002634                . = ALIGN (0x4)
 *fill*         0x00002632        0x2 
 *(.init)
 .init          0x00002634        0x4 c:/program files (x86)/cypress/psoc creator/4.4/psoc creator/import/gnu/arm/5.4.1/bin/../lib/gcc/arm-none-eabi/5.4.1/armv7-m/crti.o
                0x00002634                _init
 .init          0x00002638        0x8 c:/program files (x86)/cypress/psoc creator/4.4/psoc creator/import/gnu/arm/5.4.1/bin/../lib/gcc/arm-none-eabi/5.4.1/armv7-m/crtn.o
                0x00002640                . = ALIGN (0x4)
                0x00002640                __preinit_array_start = .
 *(.preinit_array)
                0x00002640                __preinit_array_end = .
                0x00002640                . = ALIGN (0x4)
                0x00002640                __init_array_start = .
 *(SORT(.init_array.*))
 *(.init_array)
 .init_array    0x00002640        0x4 c:/program files (x86)/cypress/psoc creator/4.4/psoc creator/import/gnu/arm/5.4.1/bin/../lib/gcc/arm-none-eabi/5.4.1/armv7-m/crtbegin.o
 .init_array    0x00002644        0x4 .\CortexM3\ARM_GCC_541\Debug\Cm3Start.o
                0x00002648                __init_array_end = .
                0x00002648                . = ALIGN (0x4)
 *(.fini)
 .fini          0x00002648        0x4 c:/program files (x86)/cypress/psoc creator/4.4/psoc creator/import/gnu/arm/5.4.1/bin/../lib/gcc/arm-none-eabi/5.4.1/armv7-m/crti.o
                0x00002648                _fini
 .fini          0x0000264c        0x8 c:/program files (x86)/cypress/psoc creator/4.4/psoc creator/import/gnu/arm/5.4.1/bin/../lib/gcc/arm-none-eabi/5.4.1/armv7-m/crtn.o
                0x00002654                . = ALIGN (0x4)
                0x00002654                __fini_array_start = .
 *(.fini_array)
 .fini_array    0x00002654        0x4 c:/program files (x86)/cypress/psoc creator/4.4/psoc creator/import/gnu/arm/5.4.1/bin/../lib/gcc/arm-none-eabi/5.4.1/armv7-m/crtbegin.o
 *(SORT(.fini_array.*))
                0x00002658                __fini_array_end = .
                0x00002658                . = ALIGN (0x4)
 *crtbegin.o(.ctors)
 *(EXCLUDE_FILE(*crtend.o) .ctors)
 *(SORT(.ctors.*))
 *crtend.o(.ctors)
                0x00002658                . = ALIGN (0x4)
 *crtbegin.o(.dtors)
 *(EXCLUDE_FILE(*crtend.o) .dtors)
 *(SORT(.dtors.*))
 *crtend.o(.dtors)
                0x00002658                . = ALIGN (0x4)
                0x00002658                __cy_regions = .
                0x00002658        0x4 LONG 0x2668 __cy_region_init_ram
                0x0000265c        0x4 LONG 0x1fff80c8 __cy_region_start_data
                0x00002660        0x4 LONG 0xa8 __cy_region_init_size_ram
                0x00002664        0x4 LONG 0xc0 __cy_region_zero_size_ram
                0x00002668                __cy_regions_end = .
                0x00002668                . = ALIGN (0x8)
                0x00002668                _etext = .

.cy_checksum_exclude
                0x00002668        0x0
 *(.cy_checksum_exclude)

.ramvectors     0x1fff8000       0xc0
                0x1fff8000                __cy_region_start_ram = .
 *(.ramvectors)
 .ramvectors    0x1fff8000       0xc0 .\CortexM3\ARM_GCC_541\Debug\Cm3Start.o
                0x1fff8000                CyRamVectors

.noinit         0x1fff80c0        0x1
 *(.noinit)
 .noinit        0x1fff80c0        0x1 .\CortexM3\ARM_GCC_541\Debug\P6_1.a(CyLib.o)
                0x1fff80c0                CyResetStatus

.data           0x1fff80c8       0xa8 load address 0x00002668
                0x1fff80c8                __cy_region_start_data = .
 *(.jcr)
 .jcr           0x1fff80c8        0x0 c:/program files (x86)/cypress/psoc creator/4.4/psoc creator/import/gnu/arm/5.4.1/bin/../lib/gcc/arm-none-eabi/5.4.1/armv7-m/crtbegin.o
 .jcr           0x1fff80c8        0x4 c:/program files (x86)/cypress/psoc creator/4.4/psoc creator/import/gnu/arm/5.4.1/bin/../lib/gcc/arm-none-eabi/5.4.1/armv7-m/crtend.o
 *(.got.plt)
 *(.got)
 *(.shdata)
 *(.data .data.* .gnu.linkonce.d.*)
 .data          0x1fff80cc       0x14 .\CortexM3\ARM_GCC_541\Debug\main.o
                0x1fff80cc                valores_confirmados
                0x1fff80d0                temp_in
                0x1fff80d4                tiempo_in
                0x1fff80d8                limite_temp
                0x1fff80da                limite_hum
                0x1fff80dc                ClaveOriginal
 .data          0x1fff80e0        0x8 .\CortexM3\ARM_GCC_541\Debug\P6_1.a(CyDmac.o)
 .data          0x1fff80e8       0x10 .\CortexM3\ARM_GCC_541\Debug\P6_1.a(CyLib.o)
                0x1fff80e8                cydelay_32k_ms
                0x1fff80ec                cydelay_freq_khz
                0x1fff80f0                cydelay_freq_mhz
                0x1fff80f4                cydelay_freq_hz
 .data          0x1fff80f8       0x10 .\CortexM3\ARM_GCC_541\Debug\P6_1.a(LED_Driver_1.o)
 .data          0x1fff8108        0x1 .\CortexM3\ARM_GCC_541\Debug\P6_1.a(LED_Driver_1_DMA_Com_dma.o)
                0x1fff8108                LED_Driver_1_DMA_Com_DmaHandle
 .data          0x1fff8109        0x1 .\CortexM3\ARM_GCC_541\Debug\P6_1.a(LED_Driver_1_DMA_Seg_dma.o)
                0x1fff8109                LED_Driver_1_DMA_Seg_DmaHandle
 .data          0x1fff810a        0x1 .\CortexM3\ARM_GCC_541\Debug\P6_1.a(LED_Driver_1_DMA_BC_dma.o)
                0x1fff810a                LED_Driver_1_DMA_BC_DmaHandle
 .data          0x1fff810b        0x1 .\CortexM3\ARM_GCC_541\Debug\P6_1.a(AMux_1.o)
 .data.impure_data
                0x1fff810c       0x60 c:/program files (x86)/cypress/psoc creator/4.4/psoc creator/import/gnu/arm/5.4.1/bin/../lib/gcc/arm-none-eabi/5.4.1/../../../../arm-none-eabi/lib/armv7-m\libg_nano.a(lib_a-impure.o)
 .data._impure_ptr
                0x1fff816c        0x4 c:/program files (x86)/cypress/psoc creator/4.4/psoc creator/import/gnu/arm/5.4.1/bin/../lib/gcc/arm-none-eabi/5.4.1/../../../../arm-none-eabi/lib/armv7-m\libg_nano.a(lib_a-impure.o)
                0x1fff816c                _impure_ptr
                0x1fff8170                . = ALIGN (0x8)
 *(.ram)
                0x1fff8170                _edata = .

.igot.plt       0x1fff8170        0x0 load address 0x00002710
 .igot.plt      0x1fff8170        0x0 c:/program files (x86)/cypress/psoc creator/4.4/psoc creator/import/gnu/arm/5.4.1/bin/../lib/gcc/arm-none-eabi/5.4.1/armv7-m/crtbegin.o

.bss            0x1fff8170       0xc0 load address 0x00002710
                0x1fff8170                PROVIDE (__bss_start__, .)
 *(.shbss)
 *(.bss .bss.* .gnu.linkonce.b.*)
 .bss           0x1fff8170       0x1c c:/program files (x86)/cypress/psoc creator/4.4/psoc creator/import/gnu/arm/5.4.1/bin/../lib/gcc/arm-none-eabi/5.4.1/armv7-m/crtbegin.o
 .bss           0x1fff818c       0x40 .\CortexM3\ARM_GCC_541\Debug\main.o
                0x1fff818c                add
                0x1fff818d                ms1
                0x1fff818e                ms2
                0x1fff818f                puerta_cerrada
                0x1fff8190                ingresando_valores
                0x1fff8191                temperatura_anadida
                0x1fff8192                humedad_anadida
                0x1fff8194                humedad_in
                0x1fff8198                tiempo_anadido
                0x1fff819a                contador_muestras
                0x1fff819c                senal_hume
                0x1fff81a0                milivolt_h
                0x1fff81a4                senal_temp
                0x1fff81a8                milivolt_temp
                0x1fff81ac                apagador_alarma
                0x1fff81ad                alarma_temPeligro
                0x1fff81ae                alarma_humPeligro
                0x1fff81af                alarma_ambasPeligro
                0x1fff81b0                SEGUNDOS
                0x1fff81b2                alarma_yapasotiempo
                0x1fff81b3                finishpass
                0x1fff81b4                comparado
                0x1fff81b8                counterOut
                0x1fff81bc                salida
                0x1fff81bd                ESCORRECTO
                0x1fff81be                ohno
                0x1fff81bf                correcto
                0x1fff81c0                pos
                0x1fff81c1                tecladoband
                0x1fff81c2                potband
                0x1fff81c3                countpot
                0x1fff81c4                angulo
                0x1fff81c8                tipounidad
                0x1fff81ca                valpot
 .bss           0x1fff81cc        0x2 .\CortexM3\ARM_GCC_541\Debug\P6_1.a(LCD.o)
                0x1fff81cc                LCD_enableState
                0x1fff81cd                LCD_initVar
 .bss           0x1fff81ce        0x1 .\CortexM3\ARM_GCC_541\Debug\P6_1.a(Contaor.o)
                0x1fff81ce                Contaor_initVar
 .bss           0x1fff81cf        0x1 .\CortexM3\ARM_GCC_541\Debug\P6_1.a(ADC.o)
                0x1fff81cf                ADC_initVar
 .bss           0x1fff81d0        0x1 .\CortexM3\ARM_GCC_541\Debug\P6_1.a(PWM.o)
                0x1fff81d0                PWM_initVar
 *fill*         0x1fff81d1        0x3 
 .bss           0x1fff81d4       0x1f .\CortexM3\ARM_GCC_541\Debug\P6_1.a(LED_Driver_1.o)
                0x1fff81f0                LED_Driver_1_enableVar
                0x1fff81f2                LED_Driver_1_initVar
 *(COMMON)
 *fill*         0x1fff81f3        0x1 
 COMMON         0x1fff81f4       0x29 .\CortexM3\ARM_GCC_541\Debug\main.o
                0x1fff81f4                sacar_adc
                0x1fff81f6                temperatura_medida
                0x1fff81f8                miliseg_crono
                0x1fff81fa                temp
                0x1fff81fc                tecla
                0x1fff81fe                min_crono
                0x1fff8200                humedad
                0x1fff8202                iniciar_conteo
                0x1fff8204                ClaveIngresada
                0x1fff8208                segundos_crono
                0x1fff820a                humedad_medida
                0x1fff820c                ciclo_acabado
                0x1fff820d                mostrar_EnCilolcd
                0x1fff820e                encender_alarma_ambas
                0x1fff8210                Start
                0x1fff821c                bot1
 *fill*         0x1fff821d        0x3 
 COMMON         0x1fff8220        0xa .\CortexM3\ARM_GCC_541\Debug\P6_1.a(ADC.o)
                0x1fff8220                ADC_countsPer10Volt
                0x1fff8224                ADC_shift
                0x1fff8226                ADC_countsPerVolt
                0x1fff8228                ADC_offset
 *fill*         0x1fff822a        0x2 
 COMMON         0x1fff822c        0x4 .\CortexM3\ARM_GCC_541\Debug\P6_1.a(LED_Driver_1.o)
                0x1fff822c                LED_Driver_1_segLBuffer
                0x1fff8230                . = ALIGN (0x8)
 *(.ram.b)
                0x1fff8230                _end = .
                0x1fff8230                __end = .
                0x1fff8230                PROVIDE (end, .)
                0x1fff8230                PROVIDE (__bss_end__, .)
                0x00002668                __cy_region_init_ram = LOADADDR (.data)
                0x000000a8                __cy_region_init_size_ram = (_edata - ADDR (.data))
                0x000000c0                __cy_region_zero_size_ram = (_end - _edata)

.heap           0x1fff8230       0x80 load address 0x00002710
                0x1fff8230                . = _end
                0x1fff82b0                . = (. + 0x80)
 *fill*         0x1fff8230       0x80 
                0x1fff82b0                __cy_heap_limit = .

.stack          0x20007800      0x800
                0x20007800                __cy_stack_limit = .
                0x20008000                . = (. + 0x800)
 *fill*         0x20007800      0x800 
                0x00000001                ASSERT ((__cy_stack_limit >= __cy_heap_limit), region RAM overflowed with stack)
                0x00000000                cy_checksum_exclude_size = (CY_APPL_LOADABLE == 0x1)?SIZEOF (.cy_checksum_exclude):0x0
                0x00000001                ASSERT ((cy_checksum_exclude_size <= CY_CHECKSUM_EXCLUDE_SIZE), CY_BOOT: Section .cy_checksum_exclude size exceedes specified limit.)

.cyloadermeta
 *(.cyloadermeta)

.cyloadablemeta
 *(.cyloadablemeta)

.cyconfigecc    0x80000000      0x500
 *(.cyconfigecc)
 .cyconfigecc   0x80000000      0x500 .\CortexM3\ARM_GCC_541\Debug\cymetadata.o
                0x80000000                cy_meta_configecc

.cycustnvl      0x90000000        0x4
 *(.cycustnvl)
 .cycustnvl     0x90000000        0x4 .\CortexM3\ARM_GCC_541\Debug\cymetadata.o
                0x90000000                cy_meta_custnvl

.cywolatch      0x90100000        0x4
 *(.cywolatch)
 .cywolatch     0x90100000        0x4 .\CortexM3\ARM_GCC_541\Debug\cymetadata.o
                0x90100000                cy_meta_wonvl

.cyeeprom       0x90200000        0x0
 *(.cyeeprom)
                0x00000001                ASSERT ((. <= ((0x90200000 + ee_offset) + ee_size)), .cyeeprom data will not fit in EEPROM)

.cyflashprotect
                0x90400000      0x100
 *(.cyflashprotect)
 .cyflashprotect
                0x90400000      0x100 .\CortexM3\ARM_GCC_541\Debug\cymetadata.o
                0x90400000                cy_meta_flashprotect

.cymeta         0x90500000        0xc
 *(.cymeta)
 .cymeta        0x90500000        0xc .\CortexM3\ARM_GCC_541\Debug\cymetadata.o
                0x90500000                cy_metadata

.rel.dyn        0x00002710        0x0 load address 0x9050000c
 .rel.iplt      0x00002710        0x0 c:/program files (x86)/cypress/psoc creator/4.4/psoc creator/import/gnu/arm/5.4.1/bin/../lib/gcc/arm-none-eabi/5.4.1/armv7-m/crtbegin.o

.stab
 *(.stab)

.stabstr
 *(.stabstr)

.debug
 *(.debug)

.line
 *(.line)

.debug_srcinfo
 *(.debug_srcinfo)

.debug_sfnames
 *(.debug_sfnames)

.debug_aranges  0x00000000      0xe20
 *(.debug_aranges)
 .debug_aranges
                0x00000000       0x40 .\CortexM3\ARM_GCC_541\Debug\main.o
 .debug_aranges
                0x00000040       0x68 .\CortexM3\ARM_GCC_541\Debug\cyfitter_cfg.o
 .debug_aranges
                0x000000a8       0x18 .\CortexM3\ARM_GCC_541\Debug\cymetadata.o
 .debug_aranges
                0x000000c0       0x48 .\CortexM3\ARM_GCC_541\Debug\Cm3Start.o
 .debug_aranges
                0x00000108       0x98 .\CortexM3\ARM_GCC_541\Debug\P6_1.a(LCD.o)
 .debug_aranges
                0x000001a0       0x20 .\CortexM3\ARM_GCC_541\Debug\P6_1.a(LCD_CustChars.o)
 .debug_aranges
                0x000001c0       0x28 .\CortexM3\ARM_GCC_541\Debug\P6_1.a(Teclado_MatrixKeyboard.o)
 .debug_aranges
                0x000001e8       0x80 .\CortexM3\ARM_GCC_541\Debug\P6_1.a(ISR_Key.o)
 .debug_aranges
                0x00000268       0x80 .\CortexM3\ARM_GCC_541\Debug\P6_1.a(logoutisr.o)
 .debug_aranges
                0x000002e8       0x80 .\CortexM3\ARM_GCC_541\Debug\P6_1.a(Contaor.o)
 .debug_aranges
                0x00000368       0x80 .\CortexM3\ARM_GCC_541\Debug\P6_1.a(UanMS.o)
 .debug_aranges
                0x000003e8       0xa8 .\CortexM3\ARM_GCC_541\Debug\P6_1.a(ADC.o)
 .debug_aranges
                0x00000490       0x20 .\CortexM3\ARM_GCC_541\Debug\P6_1.a(ADC_INT.o)
 .debug_aranges
                0x000004b0       0x38 .\CortexM3\ARM_GCC_541\Debug\P6_1.a(Teclado_Column.o)
 .debug_aranges
                0x000004e8       0x38 .\CortexM3\ARM_GCC_541\Debug\P6_1.a(Teclado_Row.o)
 .debug_aranges
                0x00000520       0x40 .\CortexM3\ARM_GCC_541\Debug\P6_1.a(Teclado_Status_Reg.o)
 .debug_aranges
                0x00000560       0x80 .\CortexM3\ARM_GCC_541\Debug\P6_1.a(ADC_theACLK.o)
 .debug_aranges
                0x000005e0       0xd8 .\CortexM3\ARM_GCC_541\Debug\P6_1.a(CyDmac.o)
 .debug_aranges
                0x000006b8      0x2a0 .\CortexM3\ARM_GCC_541\Debug\P6_1.a(CyLib.o)
 .debug_aranges
                0x00000958       0x98 .\CortexM3\ARM_GCC_541\Debug\P6_1.a(cyPm.o)
 .debug_aranges
                0x000009f0       0x98 .\CortexM3\ARM_GCC_541\Debug\P6_1.a(PWM.o)
 .debug_aranges
                0x00000a88      0x168 .\CortexM3\ARM_GCC_541\Debug\P6_1.a(LED_Driver_1.o)
 .debug_aranges
                0x00000bf0       0x28 .\CortexM3\ARM_GCC_541\Debug\P6_1.a(LED_Driver_1_Com_Driver.o)
 .debug_aranges
                0x00000c18       0x28 .\CortexM3\ARM_GCC_541\Debug\P6_1.a(LED_Driver_1_DMA_Com_dma.o)
 .debug_aranges
                0x00000c40       0x28 .\CortexM3\ARM_GCC_541\Debug\P6_1.a(LED_Driver_1_DMA_Seg_dma.o)
 .debug_aranges
                0x00000c68       0x28 .\CortexM3\ARM_GCC_541\Debug\P6_1.a(LED_Driver_1_DMA_BC_dma.o)
 .debug_aranges
                0x00000c90       0x38 .\CortexM3\ARM_GCC_541\Debug\P6_1.a(led.o)
 .debug_aranges
                0x00000cc8       0x30 .\CortexM3\ARM_GCC_541\Debug\P6_1.a(AMux_1.o)
 .debug_aranges
                0x00000cf8       0x20 .\CortexM3\ARM_GCC_541\Debug\P6_1.a(CyBootAsmGnu.o)
 .debug_aranges
                0x00000d18       0x88 .\CortexM3\ARM_GCC_541\Debug\P6_1.a(CyFlash.o)
 .debug_aranges
                0x00000da0       0x80 .\CortexM3\ARM_GCC_541\Debug\P6_1.a(CySpc.o)

.debug_pubnames
 *(.debug_pubnames)

.debug_info     0x00000000     0x91e8
 *(.debug_info .gnu.linkonce.wi.*)
 .debug_info    0x00000000      0xe46 .\CortexM3\ARM_GCC_541\Debug\main.o
 .debug_info    0x00000e46      0x6c5 .\CortexM3\ARM_GCC_541\Debug\cyfitter_cfg.o
 .debug_info    0x0000150b      0x136 .\CortexM3\ARM_GCC_541\Debug\cymetadata.o
 .debug_info    0x00001641      0x3cf .\CortexM3\ARM_GCC_541\Debug\Cm3Start.o
 .debug_info    0x00001a10      0x752 .\CortexM3\ARM_GCC_541\Debug\P6_1.a(LCD.o)
 .debug_info    0x00002162      0x159 .\CortexM3\ARM_GCC_541\Debug\P6_1.a(LCD_CustChars.o)
 .debug_info    0x000022bb      0x211 .\CortexM3\ARM_GCC_541\Debug\P6_1.a(Teclado_MatrixKeyboard.o)
 .debug_info    0x000024cc      0x2d2 .\CortexM3\ARM_GCC_541\Debug\P6_1.a(ISR_Key.o)
 .debug_info    0x0000279e      0x2d2 .\CortexM3\ARM_GCC_541\Debug\P6_1.a(logoutisr.o)
 .debug_info    0x00002a70      0x28f .\CortexM3\ARM_GCC_541\Debug\P6_1.a(Contaor.o)
 .debug_info    0x00002cff      0x2d2 .\CortexM3\ARM_GCC_541\Debug\P6_1.a(UanMS.o)
 .debug_info    0x00002fd1      0x5c0 .\CortexM3\ARM_GCC_541\Debug\P6_1.a(ADC.o)
 .debug_info    0x00003591       0x92 .\CortexM3\ARM_GCC_541\Debug\P6_1.a(ADC_INT.o)
 .debug_info    0x00003623      0x11f .\CortexM3\ARM_GCC_541\Debug\P6_1.a(Teclado_Column.o)
 .debug_info    0x00003742      0x11f .\CortexM3\ARM_GCC_541\Debug\P6_1.a(Teclado_Row.o)
 .debug_info    0x00003861      0x17f .\CortexM3\ARM_GCC_541\Debug\P6_1.a(Teclado_Status_Reg.o)
 .debug_info    0x000039e0      0x2c4 .\CortexM3\ARM_GCC_541\Debug\P6_1.a(ADC_theACLK.o)
 .debug_info    0x00003ca4      0x94e .\CortexM3\ARM_GCC_541\Debug\P6_1.a(CyDmac.o)
 .debug_info    0x000045f2     0x1374 .\CortexM3\ARM_GCC_541\Debug\P6_1.a(CyLib.o)
 .debug_info    0x00005966      0xa2a .\CortexM3\ARM_GCC_541\Debug\P6_1.a(cyPm.o)
 .debug_info    0x00006390      0x354 .\CortexM3\ARM_GCC_541\Debug\P6_1.a(PWM.o)
 .debug_info    0x000066e4     0x1691 .\CortexM3\ARM_GCC_541\Debug\P6_1.a(LED_Driver_1.o)
 .debug_info    0x00007d75       0xd6 .\CortexM3\ARM_GCC_541\Debug\P6_1.a(LED_Driver_1_Com_Driver.o)
 .debug_info    0x00007e4b      0x1a7 .\CortexM3\ARM_GCC_541\Debug\P6_1.a(LED_Driver_1_DMA_Com_dma.o)
 .debug_info    0x00007ff2      0x1a9 .\CortexM3\ARM_GCC_541\Debug\P6_1.a(LED_Driver_1_DMA_Seg_dma.o)
 .debug_info    0x0000819b      0x1aa .\CortexM3\ARM_GCC_541\Debug\P6_1.a(LED_Driver_1_DMA_BC_dma.o)
 .debug_info    0x00008345      0x11f .\CortexM3\ARM_GCC_541\Debug\P6_1.a(led.o)
 .debug_info    0x00008464      0x165 .\CortexM3\ARM_GCC_541\Debug\P6_1.a(AMux_1.o)
 .debug_info    0x000085c9       0x82 .\CortexM3\ARM_GCC_541\Debug\P6_1.a(CyBootAsmGnu.o)
 .debug_info    0x0000864b      0x64d .\CortexM3\ARM_GCC_541\Debug\P6_1.a(CyFlash.o)
 .debug_info    0x00008c98      0x550 .\CortexM3\ARM_GCC_541\Debug\P6_1.a(CySpc.o)

.debug_abbrev   0x00000000     0x2423
 *(.debug_abbrev)
 .debug_abbrev  0x00000000      0x1d0 .\CortexM3\ARM_GCC_541\Debug\main.o
 .debug_abbrev  0x000001d0      0x21e .\CortexM3\ARM_GCC_541\Debug\cyfitter_cfg.o
 .debug_abbrev  0x000003ee       0x77 .\CortexM3\ARM_GCC_541\Debug\cymetadata.o
 .debug_abbrev  0x00000465      0x1e8 .\CortexM3\ARM_GCC_541\Debug\Cm3Start.o
 .debug_abbrev  0x0000064d      0x168 .\CortexM3\ARM_GCC_541\Debug\P6_1.a(LCD.o)
 .debug_abbrev  0x000007b5       0xe2 .\CortexM3\ARM_GCC_541\Debug\P6_1.a(LCD_CustChars.o)
 .debug_abbrev  0x00000897      0x102 .\CortexM3\ARM_GCC_541\Debug\P6_1.a(Teclado_MatrixKeyboard.o)
 .debug_abbrev  0x00000999      0x173 .\CortexM3\ARM_GCC_541\Debug\P6_1.a(ISR_Key.o)
 .debug_abbrev  0x00000b0c      0x173 .\CortexM3\ARM_GCC_541\Debug\P6_1.a(logoutisr.o)
 .debug_abbrev  0x00000c7f      0x122 .\CortexM3\ARM_GCC_541\Debug\P6_1.a(Contaor.o)
 .debug_abbrev  0x00000da1      0x173 .\CortexM3\ARM_GCC_541\Debug\P6_1.a(UanMS.o)
 .debug_abbrev  0x00000f14      0x1ac .\CortexM3\ARM_GCC_541\Debug\P6_1.a(ADC.o)
 .debug_abbrev  0x000010c0       0x42 .\CortexM3\ARM_GCC_541\Debug\P6_1.a(ADC_INT.o)
 .debug_abbrev  0x00001102       0x90 .\CortexM3\ARM_GCC_541\Debug\P6_1.a(Teclado_Column.o)
 .debug_abbrev  0x00001192       0x90 .\CortexM3\ARM_GCC_541\Debug\P6_1.a(Teclado_Row.o)
 .debug_abbrev  0x00001222       0xac .\CortexM3\ARM_GCC_541\Debug\P6_1.a(Teclado_Status_Reg.o)
 .debug_abbrev  0x000012ce      0x121 .\CortexM3\ARM_GCC_541\Debug\P6_1.a(ADC_theACLK.o)
 .debug_abbrev  0x000013ef      0x1b2 .\CortexM3\ARM_GCC_541\Debug\P6_1.a(CyDmac.o)
 .debug_abbrev  0x000015a1      0x254 .\CortexM3\ARM_GCC_541\Debug\P6_1.a(CyLib.o)
 .debug_abbrev  0x000017f5      0x1ab .\CortexM3\ARM_GCC_541\Debug\P6_1.a(cyPm.o)
 .debug_abbrev  0x000019a0      0x133 .\CortexM3\ARM_GCC_541\Debug\P6_1.a(PWM.o)
 .debug_abbrev  0x00001ad3      0x1d8 .\CortexM3\ARM_GCC_541\Debug\P6_1.a(LED_Driver_1.o)
 .debug_abbrev  0x00001cab       0x81 .\CortexM3\ARM_GCC_541\Debug\P6_1.a(LED_Driver_1_Com_Driver.o)
 .debug_abbrev  0x00001d2c       0xcd .\CortexM3\ARM_GCC_541\Debug\P6_1.a(LED_Driver_1_DMA_Com_dma.o)
 .debug_abbrev  0x00001df9       0xcd .\CortexM3\ARM_GCC_541\Debug\P6_1.a(LED_Driver_1_DMA_Seg_dma.o)
 .debug_abbrev  0x00001ec6       0xcd .\CortexM3\ARM_GCC_541\Debug\P6_1.a(LED_Driver_1_DMA_BC_dma.o)
 .debug_abbrev  0x00001f93       0x90 .\CortexM3\ARM_GCC_541\Debug\P6_1.a(led.o)
 .debug_abbrev  0x00002023       0xb1 .\CortexM3\ARM_GCC_541\Debug\P6_1.a(AMux_1.o)
 .debug_abbrev  0x000020d4       0x14 .\CortexM3\ARM_GCC_541\Debug\P6_1.a(CyBootAsmGnu.o)
 .debug_abbrev  0x000020e8      0x1a7 .\CortexM3\ARM_GCC_541\Debug\P6_1.a(CyFlash.o)
 .debug_abbrev  0x0000228f      0x194 .\CortexM3\ARM_GCC_541\Debug\P6_1.a(CySpc.o)

.debug_line     0x00000000     0x390a
 *(.debug_line)
 .debug_line    0x00000000      0x394 .\CortexM3\ARM_GCC_541\Debug\main.o
 .debug_line    0x00000394      0x23d .\CortexM3\ARM_GCC_541\Debug\cyfitter_cfg.o
 .debug_line    0x000005d1      0x141 .\CortexM3\ARM_GCC_541\Debug\cymetadata.o
 .debug_line    0x00000712      0x241 .\CortexM3\ARM_GCC_541\Debug\Cm3Start.o
 .debug_line    0x00000953      0x1e6 .\CortexM3\ARM_GCC_541\Debug\P6_1.a(LCD.o)
 .debug_line    0x00000b39       0x83 .\CortexM3\ARM_GCC_541\Debug\P6_1.a(LCD_CustChars.o)
 .debug_line    0x00000bbc      0x1dd .\CortexM3\ARM_GCC_541\Debug\P6_1.a(Teclado_MatrixKeyboard.o)
 .debug_line    0x00000d99      0x134 .\CortexM3\ARM_GCC_541\Debug\P6_1.a(ISR_Key.o)
 .debug_line    0x00000ecd      0x136 .\CortexM3\ARM_GCC_541\Debug\P6_1.a(logoutisr.o)
 .debug_line    0x00001003      0x15b .\CortexM3\ARM_GCC_541\Debug\P6_1.a(Contaor.o)
 .debug_line    0x0000115e      0x132 .\CortexM3\ARM_GCC_541\Debug\P6_1.a(UanMS.o)
 .debug_line    0x00001290      0x214 .\CortexM3\ARM_GCC_541\Debug\P6_1.a(ADC.o)
 .debug_line    0x000014a4       0x50 .\CortexM3\ARM_GCC_541\Debug\P6_1.a(ADC_INT.o)
 .debug_line    0x000014f4       0x9e .\CortexM3\ARM_GCC_541\Debug\P6_1.a(Teclado_Column.o)
 .debug_line    0x00001592       0x9b .\CortexM3\ARM_GCC_541\Debug\P6_1.a(Teclado_Row.o)
 .debug_line    0x0000162d       0xbe .\CortexM3\ARM_GCC_541\Debug\P6_1.a(Teclado_Status_Reg.o)
 .debug_line    0x000016eb      0x19d .\CortexM3\ARM_GCC_541\Debug\P6_1.a(ADC_theACLK.o)
 .debug_line    0x00001888      0x2e4 .\CortexM3\ARM_GCC_541\Debug\P6_1.a(CyDmac.o)
 .debug_line    0x00001b6c      0x816 .\CortexM3\ARM_GCC_541\Debug\P6_1.a(CyLib.o)
 .debug_line    0x00002382      0x367 .\CortexM3\ARM_GCC_541\Debug\P6_1.a(cyPm.o)
 .debug_line    0x000026e9      0x186 .\CortexM3\ARM_GCC_541\Debug\P6_1.a(PWM.o)
 .debug_line    0x0000286f      0x850 .\CortexM3\ARM_GCC_541\Debug\P6_1.a(LED_Driver_1.o)
 .debug_line    0x000030bf       0x7f .\CortexM3\ARM_GCC_541\Debug\P6_1.a(LED_Driver_1_Com_Driver.o)
 .debug_line    0x0000313e       0x91 .\CortexM3\ARM_GCC_541\Debug\P6_1.a(LED_Driver_1_DMA_Com_dma.o)
 .debug_line    0x000031cf       0x91 .\CortexM3\ARM_GCC_541\Debug\P6_1.a(LED_Driver_1_DMA_Seg_dma.o)
 .debug_line    0x00003260       0x90 .\CortexM3\ARM_GCC_541\Debug\P6_1.a(LED_Driver_1_DMA_BC_dma.o)
 .debug_line    0x000032f0       0x90 .\CortexM3\ARM_GCC_541\Debug\P6_1.a(led.o)
 .debug_line    0x00003380       0xaa .\CortexM3\ARM_GCC_541\Debug\P6_1.a(AMux_1.o)
 .debug_line    0x0000342a       0x66 .\CortexM3\ARM_GCC_541\Debug\P6_1.a(CyBootAsmGnu.o)
 .debug_line    0x00003490      0x21a .\CortexM3\ARM_GCC_541\Debug\P6_1.a(CyFlash.o)
 .debug_line    0x000036aa      0x260 .\CortexM3\ARM_GCC_541\Debug\P6_1.a(CySpc.o)

.debug_frame    0x00000000     0x240c
 *(.debug_frame)
 .debug_frame   0x00000000       0x7c .\CortexM3\ARM_GCC_541\Debug\main.o
 .debug_frame   0x0000007c      0x134 .\CortexM3\ARM_GCC_541\Debug\cyfitter_cfg.o
 .debug_frame   0x000001b0       0xb8 .\CortexM3\ARM_GCC_541\Debug\Cm3Start.o
 .debug_frame   0x00000268      0x1e8 .\CortexM3\ARM_GCC_541\Debug\P6_1.a(LCD.o)
 .debug_frame   0x00000450       0x30 .\CortexM3\ARM_GCC_541\Debug\P6_1.a(LCD_CustChars.o)
 .debug_frame   0x00000480       0x50 .\CortexM3\ARM_GCC_541\Debug\P6_1.a(Teclado_MatrixKeyboard.o)
 .debug_frame   0x000004d0      0x104 .\CortexM3\ARM_GCC_541\Debug\P6_1.a(ISR_Key.o)
 .debug_frame   0x000005d4      0x104 .\CortexM3\ARM_GCC_541\Debug\P6_1.a(logoutisr.o)
 .debug_frame   0x000006d8      0x104 .\CortexM3\ARM_GCC_541\Debug\P6_1.a(Contaor.o)
 .debug_frame   0x000007dc      0x104 .\CortexM3\ARM_GCC_541\Debug\P6_1.a(UanMS.o)
 .debug_frame   0x000008e0      0x1b0 .\CortexM3\ARM_GCC_541\Debug\P6_1.a(ADC.o)
 .debug_frame   0x00000a90       0x20 .\CortexM3\ARM_GCC_541\Debug\P6_1.a(ADC_INT.o)
 .debug_frame   0x00000ab0       0x50 .\CortexM3\ARM_GCC_541\Debug\P6_1.a(Teclado_Column.o)
 .debug_frame   0x00000b00       0x50 .\CortexM3\ARM_GCC_541\Debug\P6_1.a(Teclado_Row.o)
 .debug_frame   0x00000b50       0x78 .\CortexM3\ARM_GCC_541\Debug\P6_1.a(Teclado_Status_Reg.o)
 .debug_frame   0x00000bc8      0x100 .\CortexM3\ARM_GCC_541\Debug\P6_1.a(ADC_theACLK.o)
 .debug_frame   0x00000cc8      0x1f8 .\CortexM3\ARM_GCC_541\Debug\P6_1.a(CyDmac.o)
 .debug_frame   0x00000ec0      0x738 .\CortexM3\ARM_GCC_541\Debug\P6_1.a(CyLib.o)
 .debug_frame   0x000015f8      0x1f8 .\CortexM3\ARM_GCC_541\Debug\P6_1.a(cyPm.o)
 .debug_frame   0x000017f0      0x134 .\CortexM3\ARM_GCC_541\Debug\P6_1.a(PWM.o)
 .debug_frame   0x00001924      0x4bc .\CortexM3\ARM_GCC_541\Debug\P6_1.a(LED_Driver_1.o)
 .debug_frame   0x00001de0       0x30 .\CortexM3\ARM_GCC_541\Debug\P6_1.a(LED_Driver_1_Com_Driver.o)
 .debug_frame   0x00001e10       0x54 .\CortexM3\ARM_GCC_541\Debug\P6_1.a(LED_Driver_1_DMA_Com_dma.o)
 .debug_frame   0x00001e64       0x54 .\CortexM3\ARM_GCC_541\Debug\P6_1.a(LED_Driver_1_DMA_Seg_dma.o)
 .debug_frame   0x00001eb8       0x54 .\CortexM3\ARM_GCC_541\Debug\P6_1.a(LED_Driver_1_DMA_BC_dma.o)
 .debug_frame   0x00001f0c       0x50 .\CortexM3\ARM_GCC_541\Debug\P6_1.a(led.o)
 .debug_frame   0x00001f5c       0x64 .\CortexM3\ARM_GCC_541\Debug\P6_1.a(AMux_1.o)
 .debug_frame   0x00001fc0      0x194 .\CortexM3\ARM_GCC_541\Debug\P6_1.a(CyFlash.o)
 .debug_frame   0x00002154      0x180 .\CortexM3\ARM_GCC_541\Debug\P6_1.a(CySpc.o)
 .debug_frame   0x000022d4       0x44 c:/program files (x86)/cypress/psoc creator/4.4/psoc creator/import/gnu/arm/5.4.1/bin/../lib/gcc/arm-none-eabi/5.4.1/armv7-m\libgcc.a(_aeabi_ldivmod.o)
 .debug_frame   0x00002318       0x38 c:/program files (x86)/cypress/psoc creator/4.4/psoc creator/import/gnu/arm/5.4.1/bin/../lib/gcc/arm-none-eabi/5.4.1/armv7-m\libgcc.a(_udivmoddi4.o)
 .debug_frame   0x00002350       0x20 c:/program files (x86)/cypress/psoc creator/4.4/psoc creator/import/gnu/arm/5.4.1/bin/../lib/gcc/arm-none-eabi/5.4.1/../../../../arm-none-eabi/lib/armv7-m\libg_nano.a(lib_a-errno.o)
 .debug_frame   0x00002370       0x28 c:/program files (x86)/cypress/psoc creator/4.4/psoc creator/import/gnu/arm/5.4.1/bin/../lib/gcc/arm-none-eabi/5.4.1/../../../../arm-none-eabi/lib/armv7-m\libg_nano.a(lib_a-exit.o)
 .debug_frame   0x00002398       0x2c c:/program files (x86)/cypress/psoc creator/4.4/psoc creator/import/gnu/arm/5.4.1/bin/../lib/gcc/arm-none-eabi/5.4.1/../../../../arm-none-eabi/lib/armv7-m\libg_nano.a(lib_a-init.o)
 .debug_frame   0x000023c4       0x28 c:/program files (x86)/cypress/psoc creator/4.4/psoc creator/import/gnu/arm/5.4.1/bin/../lib/gcc/arm-none-eabi/5.4.1/../../../../arm-none-eabi/lib/armv7-m\libg_nano.a(lib_a-memcpy-stub.o)
 .debug_frame   0x000023ec       0x20 c:/program files (x86)/cypress/psoc creator/4.4/psoc creator/import/gnu/arm/5.4.1/bin/../lib/gcc/arm-none-eabi/5.4.1/../../../../arm-none-eabi/lib/armv7-m\libg_nano.a(lib_a-memset.o)

.debug_str      0x00000000     0x31b2
 *(.debug_str)
 .debug_str     0x00000000      0x60a .\CortexM3\ARM_GCC_541\Debug\main.o
                                0x67b (size before relaxing)
 .debug_str     0x0000060a      0x1c4 .\CortexM3\ARM_GCC_541\Debug\cyfitter_cfg.o
                                0x359 (size before relaxing)
 .debug_str     0x000007ce       0x7f .\CortexM3\ARM_GCC_541\Debug\cymetadata.o
                                0x1d6 (size before relaxing)
 .debug_str     0x0000084d      0x154 .\CortexM3\ARM_GCC_541\Debug\Cm3Start.o
                                0x30c (size before relaxing)
 .debug_str     0x000009a1      0x11a .\CortexM3\ARM_GCC_541\Debug\P6_1.a(LCD.o)
                                0x341 (size before relaxing)
 .debug_str     0x00000abb       0x32 .\CortexM3\ARM_GCC_541\Debug\P6_1.a(LCD_CustChars.o)
                                0x1f0 (size before relaxing)
 .debug_str     0x00000aed       0x8f .\CortexM3\ARM_GCC_541\Debug\P6_1.a(Teclado_MatrixKeyboard.o)
                                0x24e (size before relaxing)
 .debug_str     0x00000b7c      0x10a .\CortexM3\ARM_GCC_541\Debug\P6_1.a(ISR_Key.o)
                                0x2b4 (size before relaxing)
 .debug_str     0x00000c86      0x10c .\CortexM3\ARM_GCC_541\Debug\P6_1.a(logoutisr.o)
                                0x2d0 (size before relaxing)
 .debug_str     0x00000d92      0x151 .\CortexM3\ARM_GCC_541\Debug\P6_1.a(Contaor.o)
                                0x2eb (size before relaxing)
 .debug_str     0x00000ee3       0xd8 .\CortexM3\ARM_GCC_541\Debug\P6_1.a(UanMS.o)
                                0x298 (size before relaxing)
 .debug_str     0x00000fbb      0x1d6 .\CortexM3\ARM_GCC_541\Debug\P6_1.a(ADC.o)
                                0x419 (size before relaxing)
 .debug_str     0x00001191       0x29 .\CortexM3\ARM_GCC_541\Debug\P6_1.a(ADC_INT.o)
                                0x181 (size before relaxing)
 .debug_str     0x000011ba       0x83 .\CortexM3\ARM_GCC_541\Debug\P6_1.a(Teclado_Column.o)
                                0x201 (size before relaxing)
 .debug_str     0x0000123d       0x67 .\CortexM3\ARM_GCC_541\Debug\P6_1.a(Teclado_Row.o)
                                0x1f2 (size before relaxing)
 .debug_str     0x000012a4       0xb1 .\CortexM3\ARM_GCC_541\Debug\P6_1.a(Teclado_Status_Reg.o)
                                0x27d (size before relaxing)
 .debug_str     0x00001355      0x1bf .\CortexM3\ARM_GCC_541\Debug\P6_1.a(ADC_theACLK.o)
                                0x353 (size before relaxing)
 .debug_str     0x00001514      0x33f .\CortexM3\ARM_GCC_541\Debug\P6_1.a(CyDmac.o)
                                0x53c (size before relaxing)
 .debug_str     0x00001853      0x79f .\CortexM3\ARM_GCC_541\Debug\P6_1.a(CyLib.o)
                                0xa39 (size before relaxing)
 .debug_str     0x00001ff2      0x365 .\CortexM3\ARM_GCC_541\Debug\P6_1.a(cyPm.o)
                                0x725 (size before relaxing)
 .debug_str     0x00002357      0x146 .\CortexM3\ARM_GCC_541\Debug\P6_1.a(PWM.o)
                                0x32a (size before relaxing)
 .debug_str     0x0000249d      0x84d .\CortexM3\ARM_GCC_541\Debug\P6_1.a(LED_Driver_1.o)
                                0xaf2 (size before relaxing)
 .debug_str     0x00002cea       0x4e .\CortexM3\ARM_GCC_541\Debug\P6_1.a(LED_Driver_1_Com_Driver.o)
                                0x1d7 (size before relaxing)
 .debug_str     0x00002d38       0xac .\CortexM3\ARM_GCC_541\Debug\P6_1.a(LED_Driver_1_DMA_Com_dma.o)
                                0x29a (size before relaxing)
 .debug_str     0x00002de4       0x71 .\CortexM3\ARM_GCC_541\Debug\P6_1.a(LED_Driver_1_DMA_Seg_dma.o)
                                0x29a (size before relaxing)
 .debug_str     0x00002e55       0x6e .\CortexM3\ARM_GCC_541\Debug\P6_1.a(LED_Driver_1_DMA_BC_dma.o)
                                0x296 (size before relaxing)
 .debug_str     0x00002ec3       0x3e .\CortexM3\ARM_GCC_541\Debug\P6_1.a(led.o)
                                0x1ca (size before relaxing)
 .debug_str     0x00002f01       0x4a .\CortexM3\ARM_GCC_541\Debug\P6_1.a(AMux_1.o)
                                0x1e3 (size before relaxing)
 .debug_str     0x00002f4b      0x1bb .\CortexM3\ARM_GCC_541\Debug\P6_1.a(CyFlash.o)
                                0x3b2 (size before relaxing)
 .debug_str     0x00003106       0xac .\CortexM3\ARM_GCC_541\Debug\P6_1.a(CySpc.o)
                                0x32a (size before relaxing)

.debug_loc      0x00000000     0x4b45
 *(.debug_loc)
 .debug_loc     0x00000000       0x9b .\CortexM3\ARM_GCC_541\Debug\main.o
 .debug_loc     0x0000009b      0x2d9 .\CortexM3\ARM_GCC_541\Debug\cyfitter_cfg.o
 .debug_loc     0x00000374      0x144 .\CortexM3\ARM_GCC_541\Debug\Cm3Start.o
 .debug_loc     0x000004b8      0x3c6 .\CortexM3\ARM_GCC_541\Debug\P6_1.a(LCD.o)
 .debug_loc     0x0000087e       0x48 .\CortexM3\ARM_GCC_541\Debug\P6_1.a(LCD_CustChars.o)
 .debug_loc     0x000008c6       0x45 .\CortexM3\ARM_GCC_541\Debug\P6_1.a(Teclado_MatrixKeyboard.o)
 .debug_loc     0x0000090b       0x56 .\CortexM3\ARM_GCC_541\Debug\P6_1.a(ISR_Key.o)
 .debug_loc     0x00000961       0x56 .\CortexM3\ARM_GCC_541\Debug\P6_1.a(logoutisr.o)
 .debug_loc     0x000009b7       0x21 .\CortexM3\ARM_GCC_541\Debug\P6_1.a(Contaor.o)
 .debug_loc     0x000009d8       0x56 .\CortexM3\ARM_GCC_541\Debug\P6_1.a(UanMS.o)
 .debug_loc     0x00000a2e      0x295 .\CortexM3\ARM_GCC_541\Debug\P6_1.a(ADC.o)
 .debug_loc     0x00000cc3       0x42 .\CortexM3\ARM_GCC_541\Debug\P6_1.a(Teclado_Column.o)
 .debug_loc     0x00000d05       0x42 .\CortexM3\ARM_GCC_541\Debug\P6_1.a(Teclado_Row.o)
 .debug_loc     0x00000d47       0x44 .\CortexM3\ARM_GCC_541\Debug\P6_1.a(Teclado_Status_Reg.o)
 .debug_loc     0x00000d8b      0x14d .\CortexM3\ARM_GCC_541\Debug\P6_1.a(ADC_theACLK.o)
 .debug_loc     0x00000ed8      0xb8e .\CortexM3\ARM_GCC_541\Debug\P6_1.a(CyDmac.o)
 .debug_loc     0x00001a66      0xa11 .\CortexM3\ARM_GCC_541\Debug\P6_1.a(CyLib.o)
 .debug_loc     0x00002477      0x1e4 .\CortexM3\ARM_GCC_541\Debug\P6_1.a(cyPm.o)
 .debug_loc     0x0000265b       0x26 .\CortexM3\ARM_GCC_541\Debug\P6_1.a(PWM.o)
 .debug_loc     0x00002681     0x17d3 .\CortexM3\ARM_GCC_541\Debug\P6_1.a(LED_Driver_1.o)
 .debug_loc     0x00003e54       0x84 .\CortexM3\ARM_GCC_541\Debug\P6_1.a(LED_Driver_1_DMA_Com_dma.o)
 .debug_loc     0x00003ed8       0x84 .\CortexM3\ARM_GCC_541\Debug\P6_1.a(LED_Driver_1_DMA_Seg_dma.o)
 .debug_loc     0x00003f5c       0x84 .\CortexM3\ARM_GCC_541\Debug\P6_1.a(LED_Driver_1_DMA_BC_dma.o)
 .debug_loc     0x00003fe0       0x42 .\CortexM3\ARM_GCC_541\Debug\P6_1.a(led.o)
 .debug_loc     0x00004022       0x6c .\CortexM3\ARM_GCC_541\Debug\P6_1.a(AMux_1.o)
 .debug_loc     0x0000408e      0x3b2 .\CortexM3\ARM_GCC_541\Debug\P6_1.a(CyFlash.o)
 .debug_loc     0x00004440      0x705 .\CortexM3\ARM_GCC_541\Debug\P6_1.a(CySpc.o)

.debug_macinfo
 *(.debug_macinfo)

.debug_ranges   0x00000000      0xc18
 *(.debug_ranges)
 .debug_ranges  0x00000000       0x30 .\CortexM3\ARM_GCC_541\Debug\main.o
 .debug_ranges  0x00000030       0x58 .\CortexM3\ARM_GCC_541\Debug\cyfitter_cfg.o
 .debug_ranges  0x00000088       0x38 .\CortexM3\ARM_GCC_541\Debug\Cm3Start.o
 .debug_ranges  0x000000c0       0x88 .\CortexM3\ARM_GCC_541\Debug\P6_1.a(LCD.o)
 .debug_ranges  0x00000148       0x10 .\CortexM3\ARM_GCC_541\Debug\P6_1.a(LCD_CustChars.o)
 .debug_ranges  0x00000158       0x18 .\CortexM3\ARM_GCC_541\Debug\P6_1.a(Teclado_MatrixKeyboard.o)
 .debug_ranges  0x00000170       0x70 .\CortexM3\ARM_GCC_541\Debug\P6_1.a(ISR_Key.o)
 .debug_ranges  0x000001e0       0x70 .\CortexM3\ARM_GCC_541\Debug\P6_1.a(logoutisr.o)
 .debug_ranges  0x00000250       0x70 .\CortexM3\ARM_GCC_541\Debug\P6_1.a(Contaor.o)
 .debug_ranges  0x000002c0       0x70 .\CortexM3\ARM_GCC_541\Debug\P6_1.a(UanMS.o)
 .debug_ranges  0x00000330       0x98 .\CortexM3\ARM_GCC_541\Debug\P6_1.a(ADC.o)
 .debug_ranges  0x000003c8       0x10 .\CortexM3\ARM_GCC_541\Debug\P6_1.a(ADC_INT.o)
 .debug_ranges  0x000003d8       0x28 .\CortexM3\ARM_GCC_541\Debug\P6_1.a(Teclado_Column.o)
 .debug_ranges  0x00000400       0x28 .\CortexM3\ARM_GCC_541\Debug\P6_1.a(Teclado_Row.o)
 .debug_ranges  0x00000428       0x30 .\CortexM3\ARM_GCC_541\Debug\P6_1.a(Teclado_Status_Reg.o)
 .debug_ranges  0x00000458       0x70 .\CortexM3\ARM_GCC_541\Debug\P6_1.a(ADC_theACLK.o)
 .debug_ranges  0x000004c8       0xc8 .\CortexM3\ARM_GCC_541\Debug\P6_1.a(CyDmac.o)
 .debug_ranges  0x00000590      0x290 .\CortexM3\ARM_GCC_541\Debug\P6_1.a(CyLib.o)
 .debug_ranges  0x00000820       0x88 .\CortexM3\ARM_GCC_541\Debug\P6_1.a(cyPm.o)
 .debug_ranges  0x000008a8       0x88 .\CortexM3\ARM_GCC_541\Debug\P6_1.a(PWM.o)
 .debug_ranges  0x00000930      0x158 .\CortexM3\ARM_GCC_541\Debug\P6_1.a(LED_Driver_1.o)
 .debug_ranges  0x00000a88       0x18 .\CortexM3\ARM_GCC_541\Debug\P6_1.a(LED_Driver_1_Com_Driver.o)
 .debug_ranges  0x00000aa0       0x18 .\CortexM3\ARM_GCC_541\Debug\P6_1.a(LED_Driver_1_DMA_Com_dma.o)
 .debug_ranges  0x00000ab8       0x18 .\CortexM3\ARM_GCC_541\Debug\P6_1.a(LED_Driver_1_DMA_Seg_dma.o)
 .debug_ranges  0x00000ad0       0x18 .\CortexM3\ARM_GCC_541\Debug\P6_1.a(LED_Driver_1_DMA_BC_dma.o)
 .debug_ranges  0x00000ae8       0x28 .\CortexM3\ARM_GCC_541\Debug\P6_1.a(led.o)
 .debug_ranges  0x00000b10       0x20 .\CortexM3\ARM_GCC_541\Debug\P6_1.a(AMux_1.o)
 .debug_ranges  0x00000b30       0x78 .\CortexM3\ARM_GCC_541\Debug\P6_1.a(CyFlash.o)
 .debug_ranges  0x00000ba8       0x70 .\CortexM3\ARM_GCC_541\Debug\P6_1.a(CySpc.o)

.comment        0x00000000       0x6e
 .comment       0x00000000       0x6e .\CortexM3\ARM_GCC_541\Debug\main.o
                                 0x6f (size before relaxing)
 .comment       0x0000006e       0x6f .\CortexM3\ARM_GCC_541\Debug\cyfitter_cfg.o
 .comment       0x0000006e       0x6f .\CortexM3\ARM_GCC_541\Debug\cymetadata.o
 .comment       0x0000006e       0x6f .\CortexM3\ARM_GCC_541\Debug\Cm3Start.o
 .comment       0x0000006e       0x6f .\CortexM3\ARM_GCC_541\Debug\P6_1.a(LCD.o)
 .comment       0x0000006e       0x6f .\CortexM3\ARM_GCC_541\Debug\P6_1.a(LCD_CustChars.o)
 .comment       0x0000006e       0x6f .\CortexM3\ARM_GCC_541\Debug\P6_1.a(Teclado_MatrixKeyboard.o)
 .comment       0x0000006e       0x6f .\CortexM3\ARM_GCC_541\Debug\P6_1.a(ISR_Key.o)
 .comment       0x0000006e       0x6f .\CortexM3\ARM_GCC_541\Debug\P6_1.a(logoutisr.o)
 .comment       0x0000006e       0x6f .\CortexM3\ARM_GCC_541\Debug\P6_1.a(Contaor.o)
 .comment       0x0000006e       0x6f .\CortexM3\ARM_GCC_541\Debug\P6_1.a(UanMS.o)
 .comment       0x0000006e       0x6f .\CortexM3\ARM_GCC_541\Debug\P6_1.a(ADC.o)
 .comment       0x0000006e       0x6f .\CortexM3\ARM_GCC_541\Debug\P6_1.a(ADC_INT.o)
 .comment       0x0000006e       0x6f .\CortexM3\ARM_GCC_541\Debug\P6_1.a(Teclado_Column.o)
 .comment       0x0000006e       0x6f .\CortexM3\ARM_GCC_541\Debug\P6_1.a(Teclado_Row.o)
 .comment       0x0000006e       0x6f .\CortexM3\ARM_GCC_541\Debug\P6_1.a(Teclado_Status_Reg.o)
 .comment       0x0000006e       0x6f .\CortexM3\ARM_GCC_541\Debug\P6_1.a(ADC_theACLK.o)
 .comment       0x0000006e       0x6f .\CortexM3\ARM_GCC_541\Debug\P6_1.a(CyDmac.o)
 .comment       0x0000006e       0x6f .\CortexM3\ARM_GCC_541\Debug\P6_1.a(CyLib.o)
 .comment       0x0000006e       0x6f .\CortexM3\ARM_GCC_541\Debug\P6_1.a(cyPm.o)
 .comment       0x0000006e       0x6f .\CortexM3\ARM_GCC_541\Debug\P6_1.a(PWM.o)
 .comment       0x0000006e       0x6f .\CortexM3\ARM_GCC_541\Debug\P6_1.a(LED_Driver_1.o)
 .comment       0x0000006e       0x6f .\CortexM3\ARM_GCC_541\Debug\P6_1.a(LED_Driver_1_Com_Driver.o)
 .comment       0x0000006e       0x6f .\CortexM3\ARM_GCC_541\Debug\P6_1.a(LED_Driver_1_DMA_Com_dma.o)
 .comment       0x0000006e       0x6f .\CortexM3\ARM_GCC_541\Debug\P6_1.a(LED_Driver_1_DMA_Seg_dma.o)
 .comment       0x0000006e       0x6f .\CortexM3\ARM_GCC_541\Debug\P6_1.a(LED_Driver_1_DMA_BC_dma.o)
 .comment       0x0000006e       0x6f .\CortexM3\ARM_GCC_541\Debug\P6_1.a(led.o)
 .comment       0x0000006e       0x6f .\CortexM3\ARM_GCC_541\Debug\P6_1.a(AMux_1.o)
 .comment       0x0000006e       0x6f .\CortexM3\ARM_GCC_541\Debug\P6_1.a(CyFlash.o)
 .comment       0x0000006e       0x6f .\CortexM3\ARM_GCC_541\Debug\P6_1.a(CySpc.o)

.debug_weaknames
 *(.debug_weaknames)

.debug_funcnames
 *(.debug_funcnames)

.debug_typenames
 *(.debug_typenames)

.debug_varnames
 *(.debug_varnames)

.note.gnu.arm.ident
 *(.note.gnu.arm.ident)

.ARM.attributes
                0x00000000       0x29
 *(.ARM.attributes)
 .ARM.attributes
                0x00000000       0x1d c:/program files (x86)/cypress/psoc creator/4.4/psoc creator/import/gnu/arm/5.4.1/bin/../lib/gcc/arm-none-eabi/5.4.1/armv7-m/crti.o
 .ARM.attributes
                0x0000001d       0x2d c:/program files (x86)/cypress/psoc creator/4.4/psoc creator/import/gnu/arm/5.4.1/bin/../lib/gcc/arm-none-eabi/5.4.1/armv7-m/crtbegin.o
 .ARM.attributes
                0x0000004a       0x1b c:/program files (x86)/cypress/psoc creator/4.4/psoc creator/import/gnu/arm/5.4.1/bin/../lib/gcc/arm-none-eabi/5.4.1/../../../../arm-none-eabi/lib/armv7-m/crt0.o
 .ARM.attributes
                0x00000065       0x33 .\CortexM3\ARM_GCC_541\Debug\main.o
 .ARM.attributes
                0x00000098       0x33 .\CortexM3\ARM_GCC_541\Debug\cyfitter_cfg.o
 .ARM.attributes
                0x000000cb       0x33 .\CortexM3\ARM_GCC_541\Debug\cymetadata.o
 .ARM.attributes
                0x000000fe       0x33 .\CortexM3\ARM_GCC_541\Debug\Cm3Start.o
 .ARM.attributes
                0x00000131       0x33 .\CortexM3\ARM_GCC_541\Debug\P6_1.a(LCD.o)
 .ARM.attributes
                0x00000164       0x33 .\CortexM3\ARM_GCC_541\Debug\P6_1.a(LCD_CustChars.o)
 .ARM.attributes
                0x00000197       0x33 .\CortexM3\ARM_GCC_541\Debug\P6_1.a(Teclado_MatrixKeyboard.o)
 .ARM.attributes
                0x000001ca       0x33 .\CortexM3\ARM_GCC_541\Debug\P6_1.a(ISR_Key.o)
 .ARM.attributes
                0x000001fd       0x33 .\CortexM3\ARM_GCC_541\Debug\P6_1.a(logoutisr.o)
 .ARM.attributes
                0x00000230       0x33 .\CortexM3\ARM_GCC_541\Debug\P6_1.a(Contaor.o)
 .ARM.attributes
                0x00000263       0x33 .\CortexM3\ARM_GCC_541\Debug\P6_1.a(UanMS.o)
 .ARM.attributes
                0x00000296       0x33 .\CortexM3\ARM_GCC_541\Debug\P6_1.a(ADC.o)
 .ARM.attributes
                0x000002c9       0x33 .\CortexM3\ARM_GCC_541\Debug\P6_1.a(ADC_INT.o)
 .ARM.attributes
                0x000002fc       0x33 .\CortexM3\ARM_GCC_541\Debug\P6_1.a(Teclado_Column.o)
 .ARM.attributes
                0x0000032f       0x33 .\CortexM3\ARM_GCC_541\Debug\P6_1.a(Teclado_Row.o)
 .ARM.attributes
                0x00000362       0x33 .\CortexM3\ARM_GCC_541\Debug\P6_1.a(Teclado_Status_Reg.o)
 .ARM.attributes
                0x00000395       0x33 .\CortexM3\ARM_GCC_541\Debug\P6_1.a(ADC_theACLK.o)
 .ARM.attributes
                0x000003c8       0x33 .\CortexM3\ARM_GCC_541\Debug\P6_1.a(CyDmac.o)
 .ARM.attributes
                0x000003fb       0x33 .\CortexM3\ARM_GCC_541\Debug\P6_1.a(CyLib.o)
 .ARM.attributes
                0x0000042e       0x33 .\CortexM3\ARM_GCC_541\Debug\P6_1.a(cyPm.o)
 .ARM.attributes
                0x00000461       0x33 .\CortexM3\ARM_GCC_541\Debug\P6_1.a(PWM.o)
 .ARM.attributes
                0x00000494       0x33 .\CortexM3\ARM_GCC_541\Debug\P6_1.a(LED_Driver_1.o)
 .ARM.attributes
                0x000004c7       0x33 .\CortexM3\ARM_GCC_541\Debug\P6_1.a(LED_Driver_1_Com_Driver.o)
 .ARM.attributes
                0x000004fa       0x33 .\CortexM3\ARM_GCC_541\Debug\P6_1.a(LED_Driver_1_DMA_Com_dma.o)
 .ARM.attributes
                0x0000052d       0x33 .\CortexM3\ARM_GCC_541\Debug\P6_1.a(LED_Driver_1_DMA_Seg_dma.o)
 .ARM.attributes
                0x00000560       0x33 .\CortexM3\ARM_GCC_541\Debug\P6_1.a(LED_Driver_1_DMA_BC_dma.o)
 .ARM.attributes
                0x00000593       0x33 .\CortexM3\ARM_GCC_541\Debug\P6_1.a(led.o)
 .ARM.attributes
                0x000005c6       0x33 .\CortexM3\ARM_GCC_541\Debug\P6_1.a(AMux_1.o)
 .ARM.attributes
                0x000005f9       0x21 .\CortexM3\ARM_GCC_541\Debug\P6_1.a(CyBootAsmGnu.o)
 .ARM.attributes
                0x0000061a       0x33 .\CortexM3\ARM_GCC_541\Debug\P6_1.a(CyFlash.o)
 .ARM.attributes
                0x0000064d       0x33 .\CortexM3\ARM_GCC_541\Debug\P6_1.a(CySpc.o)
 .ARM.attributes
                0x00000680       0x1d c:/program files (x86)/cypress/psoc creator/4.4/psoc creator/import/gnu/arm/5.4.1/bin/../lib/gcc/arm-none-eabi/5.4.1/armv7-m\libgcc.a(_arm_addsubdf3.o)
 .ARM.attributes
                0x0000069d       0x1d c:/program files (x86)/cypress/psoc creator/4.4/psoc creator/import/gnu/arm/5.4.1/bin/../lib/gcc/arm-none-eabi/5.4.1/armv7-m\libgcc.a(_arm_muldivdf3.o)
 .ARM.attributes
                0x000006ba       0x1d c:/program files (x86)/cypress/psoc creator/4.4/psoc creator/import/gnu/arm/5.4.1/bin/../lib/gcc/arm-none-eabi/5.4.1/armv7-m\libgcc.a(_arm_fixunsdfsi.o)
 .ARM.attributes
                0x000006d7       0x1d c:/program files (x86)/cypress/psoc creator/4.4/psoc creator/import/gnu/arm/5.4.1/bin/../lib/gcc/arm-none-eabi/5.4.1/armv7-m\libgcc.a(_arm_addsubsf3.o)
 .ARM.attributes
                0x000006f4       0x1d c:/program files (x86)/cypress/psoc creator/4.4/psoc creator/import/gnu/arm/5.4.1/bin/../lib/gcc/arm-none-eabi/5.4.1/armv7-m\libgcc.a(_arm_muldivsf3.o)
 .ARM.attributes
                0x00000711       0x1d c:/program files (x86)/cypress/psoc creator/4.4/psoc creator/import/gnu/arm/5.4.1/bin/../lib/gcc/arm-none-eabi/5.4.1/armv7-m\libgcc.a(_aeabi_ldivmod.o)
 .ARM.attributes
                0x0000072e       0x2d c:/program files (x86)/cypress/psoc creator/4.4/psoc creator/import/gnu/arm/5.4.1/bin/../lib/gcc/arm-none-eabi/5.4.1/armv7-m\libgcc.a(_udivmoddi4.o)
 .ARM.attributes
                0x0000075b       0x1d c:/program files (x86)/cypress/psoc creator/4.4/psoc creator/import/gnu/arm/5.4.1/bin/../lib/gcc/arm-none-eabi/5.4.1/armv7-m\libgcc.a(_dvmd_tls.o)
 .ARM.attributes
                0x00000778       0x2d c:/program files (x86)/cypress/psoc creator/4.4/psoc creator/import/gnu/arm/5.4.1/bin/../lib/gcc/arm-none-eabi/5.4.1/../../../../arm-none-eabi/lib/armv7-m\libg_nano.a(lib_a-errno.o)
 .ARM.attributes
                0x000007a5       0x2d c:/program files (x86)/cypress/psoc creator/4.4/psoc creator/import/gnu/arm/5.4.1/bin/../lib/gcc/arm-none-eabi/5.4.1/../../../../arm-none-eabi/lib/armv7-m\libg_nano.a(lib_a-exit.o)
 .ARM.attributes
                0x000007d2       0x2d c:/program files (x86)/cypress/psoc creator/4.4/psoc creator/import/gnu/arm/5.4.1/bin/../lib/gcc/arm-none-eabi/5.4.1/../../../../arm-none-eabi/lib/armv7-m\libg_nano.a(lib_a-impure.o)
 .ARM.attributes
                0x000007ff       0x2d c:/program files (x86)/cypress/psoc creator/4.4/psoc creator/import/gnu/arm/5.4.1/bin/../lib/gcc/arm-none-eabi/5.4.1/../../../../arm-none-eabi/lib/armv7-m\libg_nano.a(lib_a-init.o)
 .ARM.attributes
                0x0000082c       0x2d c:/program files (x86)/cypress/psoc creator/4.4/psoc creator/import/gnu/arm/5.4.1/bin/../lib/gcc/arm-none-eabi/5.4.1/../../../../arm-none-eabi/lib/armv7-m\libg_nano.a(lib_a-memcpy-stub.o)
 .ARM.attributes
                0x00000859       0x2d c:/program files (x86)/cypress/psoc creator/4.4/psoc creator/import/gnu/arm/5.4.1/bin/../lib/gcc/arm-none-eabi/5.4.1/../../../../arm-none-eabi/lib/armv7-m\libg_nano.a(lib_a-memset.o)
 .ARM.attributes
                0x00000886       0x17 c:/program files (x86)/cypress/psoc creator/4.4/psoc creator/import/gnu/arm/5.4.1/bin/../lib/gcc/arm-none-eabi/5.4.1/../../../../arm-none-eabi/lib/armv7-m\libg_nano.a(lib_a-strlen.o)
 .ARM.attributes
                0x0000089d       0x2d c:/program files (x86)/cypress/psoc creator/4.4/psoc creator/import/gnu/arm/5.4.1/bin/../lib/gcc/arm-none-eabi/5.4.1/armv7-m/crtend.o
 .ARM.attributes
                0x000008ca       0x1d c:/program files (x86)/cypress/psoc creator/4.4/psoc creator/import/gnu/arm/5.4.1/bin/../lib/gcc/arm-none-eabi/5.4.1/armv7-m/crtn.o

/DISCARD/
 *(.note.GNU-stack)
OUTPUT(C:\Users\ADMH2\Documents\PSoC Creator\P6\P6_1.cydsn\CortexM3\ARM_GCC_541\Debug\P6_1.elf elf32-littlearm)
